### tag=l2avx cores=32 group=L2BW kernel=load_avx run=1/2
### host=mad12 label=run date=2026-08-17T11:15:39+01:00
+ numactl --cpunodebind=0 --membind=0 likwid-perfctr -C 0-31 -g L2BW -m -o logs_l2/l2avx_32c_run1.txt likwid-bench -t load_avx -w M0:134217728B:32

INFO: You are running LIKWID in a cpuset with 64 CPUs. Taking given IDs as logical ID in cpuset
Allocate: Process running on hwthread 0 (Domain M0) - Vector length 16777216/134217728 Offset 0 Alignment 512
Initialization: First thread in domain initializes the whole stream
--------------------------------------------------------------------------------
LIKWID MICRO BENCHMARK
Test: load_avx
--------------------------------------------------------------------------------
Using 1 work groups
Using 32 threads
--------------------------------------------------------------------------------
Using Likwid Marker API
--------------------------------------------------------------------------------
Group: 0 Thread 0 Global Thread 0 running on hwthread 0 - Vector length 524288 Offset 0
Group: 0 Thread 1 Global Thread 1 running on hwthread 1 - Vector length 524288 Offset 524288
Group: 0 Thread 2 Global Thread 2 running on hwthread 2 - Vector length 524288 Offset 1048576
Group: 0 Thread 3 Global Thread 3 running on hwthread 3 - Vector length 524288 Offset 1572864
Group: 0 Thread 4 Global Thread 4 running on hwthread 4 - Vector length 524288 Offset 2097152
Group: 0 Thread 5 Global Thread 5 running on hwthread 5 - Vector length 524288 Offset 2621440
Group: 0 Thread 6 Global Thread 6 running on hwthread 6 - Vector length 524288 Offset 3145728
Group: 0 Thread 7 Global Thread 7 running on hwthread 7 - Vector length 524288 Offset 3670016
Group: 0 Thread 8 Global Thread 8 running on hwthread 8 - Vector length 524288 Offset 4194304
Group: 0 Thread 9 Global Thread 9 running on hwthread 9 - Vector length 524288 Offset 4718592
Group: 0 Thread 10 Global Thread 10 running on hwthread 10 - Vector length 524288 Offset 5242880
Group: 0 Thread 11 Global Thread 11 running on hwthread 11 - Vector length 524288 Offset 5767168
Group: 0 Thread 12 Global Thread 12 running on hwthread 12 - Vector length 524288 Offset 6291456
Group: 0 Thread 13 Global Thread 13 running on hwthread 13 - Vector length 524288 Offset 6815744
Group: 0 Thread 14 Global Thread 14 running on hwthread 14 - Vector length 524288 Offset 7340032
Group: 0 Thread 15 Global Thread 15 running on hwthread 15 - Vector length 524288 Offset 7864320
Group: 0 Thread 16 Global Thread 16 running on hwthread 16 - Vector length 524288 Offset 8388608
Group: 0 Thread 17 Global Thread 17 running on hwthread 17 - Vector length 524288 Offset 8912896
Group: 0 Thread 18 Global Thread 18 running on hwthread 18 - Vector length 524288 Offset 9437184
Group: 0 Thread 19 Global Thread 19 running on hwthread 19 - Vector length 524288 Offset 9961472
Group: 0 Thread 20 Global Thread 20 running on hwthread 20 - Vector length 524288 Offset 10485760
Group: 0 Thread 21 Global Thread 21 running on hwthread 21 - Vector length 524288 Offset 11010048
Group: 0 Thread 22 Global Thread 22 running on hwthread 22 - Vector length 524288 Offset 11534336
Group: 0 Thread 23 Global Thread 23 running on hwthread 23 - Vector length 524288 Offset 12058624
Group: 0 Thread 24 Global Thread 24 running on hwthread 24 - Vector length 524288 Offset 12582912
Group: 0 Thread 25 Global Thread 25 running on hwthread 25 - Vector length 524288 Offset 13107200
Group: 0 Thread 26 Global Thread 26 running on hwthread 26 - Vector length 524288 Offset 13631488
Group: 0 Thread 27 Global Thread 27 running on hwthread 27 - Vector length 524288 Offset 14155776
Group: 0 Thread 28 Global Thread 28 running on hwthread 28 - Vector length 524288 Offset 14680064
Group: 0 Thread 29 Global Thread 29 running on hwthread 29 - Vector length 524288 Offset 15204352
Group: 0 Thread 30 Global Thread 30 running on hwthread 30 - Vector length 524288 Offset 15728640
Group: 0 Thread 31 Global Thread 31 running on hwthread 31 - Vector length 524288 Offset 16252928
--------------------------------------------------------------------------------
Cycles:			4182167619
CPU Clock:		2696301892
Cycle Clock:		2696301892
Time:			1.551075e+00 sec
Iterations:		1048576
Iterations per thread:	32768
Inner loop executions:	32768
Size (Byte):		134217728
Size per thread:	4194304
Number of Flops:	0
MFlops/s:		0.00
Data volume (Byte):	4398046511104
MByte/s:		2835482.03
Cycles per update:	0.007607
Cycles per cacheline:	0.060859
Loads per update:	1
Stores per update:	0
Load bytes per element:	8
Store bytes per elem.:	0
Instructions:		240518168592
UOPs:			206158430208
--------------------------------------------------------------------------------
Writing Likwid Marker API results to file /tmp/likwid_783808.txt
### exit=0
