### tag=sp_scalar cores=1 group=FLOPS_SP kernel=peakflops_sp run=2/2
### host=mad12 label=run date=2026-08-14T17:26:17+01:00
+ numactl --cpunodebind=0 --membind=0 likwid-perfctr -C 0 -g FLOPS_SP -m -o logs/sp_scalar_1c_run2.txt likwid-bench -t peakflops_sp -w M0:524288B:1

INFO: You are running LIKWID in a cpuset with 64 CPUs. Taking given IDs as logical ID in cpuset
Allocate: Process running on hwthread 0 (Domain M0) - Vector length 131072/524288 Offset 0 Alignment 1024
--------------------------------------------------------------------------------
LIKWID MICRO BENCHMARK
Test: peakflops_sp
--------------------------------------------------------------------------------
Using 1 work groups
Using 1 threads
--------------------------------------------------------------------------------
Using Likwid Marker API
--------------------------------------------------------------------------------
Group: 0 Thread 0 Global Thread 0 running on hwthread 0 - Vector length 131072 Offset 0
--------------------------------------------------------------------------------
Cycles:			5351701968
CPU Clock:		2696290179
Cycle Clock:		2696290179
Time:			1.984839e+00 sec
Iterations:		8192
Iterations per thread:	8192
Inner loop executions:	131072
Size (Byte):		524288
Size per thread:	524288
Number of Flops:	17179869184
MFlops/s:		8655.55
Data volume (Byte):	4294967296
MByte/s:		2163.89
Cycles per update:	4.984161
Cycles per cacheline:	79.746574
Loads per update:	1
Stores per update:	0
Load bytes per element:	4
Store bytes per elem.:	0
Instructions:		21474836512
UOPs:			20401094656
--------------------------------------------------------------------------------
Writing Likwid Marker API results to file /tmp/likwid_151632.txt
### exit=0
