### tag=dp_fma_add cores=1 group=FLOPS_DP kernel=peakflops_amd_zen_avx512_fma_add run=2/2
### host=mad12 label=run date=2026-08-17T16:24:19+01:00
+ numactl --cpunodebind=0 --membind=0 likwid-perfctr -C 0 -g FLOPS_DP -m -o logs_2.4GHz/dp_fma_add_1c_run2.txt likwid-bench -t peakflops_amd_zen_avx512_fma_add -w M0:524288B:1

INFO: You are running LIKWID in a cpuset with 64 CPUs. Taking given IDs as logical ID in cpuset
Allocate: Process running on hwthread 0 (Domain M0) - Vector length 65536/524288 Offset 0 Alignment 512
--------------------------------------------------------------------------------
LIKWID MICRO BENCHMARK
Test: peakflops_amd_zen_avx512_fma_add
--------------------------------------------------------------------------------
Using 1 work groups
Using 1 threads
--------------------------------------------------------------------------------
Using Likwid Marker API
--------------------------------------------------------------------------------
Group: 0 Thread 0 Global Thread 0 running on hwthread 0 - Vector length 65536 Offset 0
--------------------------------------------------------------------------------
Cycles:			4892613300
CPU Clock:		2695206694
Cycle Clock:		2695206694
Time:			1.815302e+00 sec
Iterations:		65536
Iterations per thread:	65536
Inner loop executions:	8192
Size (Byte):		524288
Size per thread:	524288
Number of Flops:	193273528320
MFlops/s:		106469.09
Data volume (Byte):	34359738368
MByte/s:		18927.84
Cycles per update:	1.139150
Cycles per cacheline:	9.113202
Loads per update:	1
Stores per update:	0
Load bytes per element:	8
Store bytes per elem.:	0
Instructions:		18253611040
UOPs:			17716740096
--------------------------------------------------------------------------------
Writing Likwid Marker API results to file /tmp/likwid_1056303.txt
### exit=0
