### tag=dp_fma cores=1 group=FLOPS_DP kernel=peakflops_avx512_fma run=1/2
### host=mad12 label=run date=2026-08-17T16:23:56+01:00
+ numactl --cpunodebind=0 --membind=0 likwid-perfctr -C 0 -g FLOPS_DP -m -o logs_2.4GHz/dp_fma_1c_run1.txt likwid-bench -t peakflops_avx512_fma -w M0:524288B:1

INFO: You are running LIKWID in a cpuset with 64 CPUs. Taking given IDs as logical ID in cpuset
Allocate: Process running on hwthread 0 (Domain M0) - Vector length 65536/524288 Offset 0 Alignment 512
--------------------------------------------------------------------------------
LIKWID MICRO BENCHMARK
Test: peakflops_avx512_fma
--------------------------------------------------------------------------------
Using 1 work groups
Using 1 threads
--------------------------------------------------------------------------------
Using Likwid Marker API
--------------------------------------------------------------------------------
Group: 0 Thread 0 Global Thread 0 running on hwthread 0 - Vector length 65536 Offset 0
--------------------------------------------------------------------------------
Cycles:			4514877711
CPU Clock:		2696288346
Cycle Clock:		2696288346
Time:			1.674479e+00 sec
Iterations:		65536
Iterations per thread:	65536
Inner loop executions:	8192
Size (Byte):		524288
Size per thread:	524288
Number of Flops:	128849018880
MFlops/s:		76948.73
Data volume (Byte):	34359738368
MByte/s:		20519.66
Cycles per update:	1.051202
Cycles per cacheline:	8.409615
Loads per update:	1
Stores per update:	0
Load bytes per element:	8
Store bytes per elem.:	0
Instructions:		10200547360
UOPs:			9663676416
--------------------------------------------------------------------------------
Writing Likwid Marker API results to file /tmp/likwid_1056146.txt
### exit=0
