### tag=mem cores=32 group=MEM kernel=stream_mem_avx_fma run=1/2
### host=mad12 label=run date=2026-08-17T16:30:55+01:00
+ numactl --cpunodebind=0 --membind=0 likwid-perfctr -C 0-31 -g MEM -m -o logs_2.4GHz/mem_32c_run1.txt likwid-bench -t stream_mem_avx_fma -w M0:17179869184B:32

INFO: You are running LIKWID in a cpuset with 64 CPUs. Taking given IDs as logical ID in cpuset
Warning: Sanitizing vector length to a multiple of the loop stride 16 and thread count 32 from 715827882 elements (5726623056 bytes) to 715827712 elements (5726621696 bytes)
Allocate: Process running on hwthread 0 (Domain M0) - Vector length 715827712/5726621696 Offset 0 Alignment 512
Allocate: Process running on hwthread 0 (Domain M0) - Vector length 715827712/5726621696 Offset 0 Alignment 512
Allocate: Process running on hwthread 0 (Domain M0) - Vector length 715827712/5726621696 Offset 0 Alignment 512
Initialization: First thread in domain initializes the whole stream
--------------------------------------------------------------------------------
LIKWID MICRO BENCHMARK
Test: stream_mem_avx_fma
--------------------------------------------------------------------------------
Using 1 work groups
Using 32 threads
--------------------------------------------------------------------------------
Using Likwid Marker API
--------------------------------------------------------------------------------
Group: 0 Thread 0 Global Thread 0 running on hwthread 0 - Vector length 22369616 Offset 0
Group: 0 Thread 1 Global Thread 1 running on hwthread 1 - Vector length 22369616 Offset 22369616
Group: 0 Thread 2 Global Thread 2 running on hwthread 2 - Vector length 22369616 Offset 44739232
Group: 0 Thread 3 Global Thread 3 running on hwthread 3 - Vector length 22369616 Offset 67108848
Group: 0 Thread 4 Global Thread 4 running on hwthread 4 - Vector length 22369616 Offset 89478464
Group: 0 Thread 5 Global Thread 5 running on hwthread 5 - Vector length 22369616 Offset 111848080
Group: 0 Thread 6 Global Thread 6 running on hwthread 6 - Vector length 22369616 Offset 134217696
Group: 0 Thread 7 Global Thread 7 running on hwthread 7 - Vector length 22369616 Offset 156587312
Group: 0 Thread 8 Global Thread 8 running on hwthread 8 - Vector length 22369616 Offset 178956928
Group: 0 Thread 9 Global Thread 9 running on hwthread 9 - Vector length 22369616 Offset 201326544
Group: 0 Thread 10 Global Thread 10 running on hwthread 10 - Vector length 22369616 Offset 223696160
Group: 0 Thread 11 Global Thread 11 running on hwthread 11 - Vector length 22369616 Offset 246065776
Group: 0 Thread 12 Global Thread 12 running on hwthread 12 - Vector length 22369616 Offset 268435392
Group: 0 Thread 13 Global Thread 13 running on hwthread 13 - Vector length 22369616 Offset 290805008
Group: 0 Thread 14 Global Thread 14 running on hwthread 14 - Vector length 22369616 Offset 313174624
Group: 0 Thread 15 Global Thread 15 running on hwthread 15 - Vector length 22369616 Offset 335544240
Group: 0 Thread 16 Global Thread 16 running on hwthread 16 - Vector length 22369616 Offset 357913856
Group: 0 Thread 17 Global Thread 17 running on hwthread 17 - Vector length 22369616 Offset 380283472
Group: 0 Thread 18 Global Thread 18 running on hwthread 18 - Vector length 22369616 Offset 402653088
Group: 0 Thread 19 Global Thread 19 running on hwthread 19 - Vector length 22369616 Offset 425022704
Group: 0 Thread 20 Global Thread 20 running on hwthread 20 - Vector length 22369616 Offset 447392320
Group: 0 Thread 21 Global Thread 21 running on hwthread 21 - Vector length 22369616 Offset 469761936
Group: 0 Thread 22 Global Thread 22 running on hwthread 22 - Vector length 22369616 Offset 492131552
Group: 0 Thread 23 Global Thread 23 running on hwthread 23 - Vector length 22369616 Offset 514501168
Group: 0 Thread 24 Global Thread 24 running on hwthread 24 - Vector length 22369616 Offset 536870784
Group: 0 Thread 25 Global Thread 25 running on hwthread 25 - Vector length 22369616 Offset 559240400
Group: 0 Thread 26 Global Thread 26 running on hwthread 26 - Vector length 22369616 Offset 581610016
Group: 0 Thread 27 Global Thread 27 running on hwthread 27 - Vector length 22369616 Offset 603979632
Group: 0 Thread 28 Global Thread 28 running on hwthread 28 - Vector length 22369616 Offset 626349248
Group: 0 Thread 29 Global Thread 29 running on hwthread 29 - Vector length 22369616 Offset 648718864
Group: 0 Thread 30 Global Thread 30 running on hwthread 30 - Vector length 22369616 Offset 671088480
Group: 0 Thread 31 Global Thread 31 running on hwthread 31 - Vector length 22369616 Offset 693458096
--------------------------------------------------------------------------------
Cycles:			52967751741
CPU Clock:		2696284534
Cycle Clock:		2696284534
Time:			1.964472e+01 sec
Iterations:		4096
Iterations per thread:	128
Inner loop executions:	1398101
Size (Byte):		17179865088
Size per thread:	536870784
Number of Flops:	183251894272
MFlops/s:		9328.30
Data volume (Byte):	2199022731264
MByte/s:		111939.64
Cycles per update:	0.578087
Cycles per cacheline:	4.624695
Loads per update:	2
Stores per update:	1
Load bytes per element:	16
Store bytes per elem.:	8
Load/store ratio:	2.00
Instructions:		85899325457
UOPs:			125985677312
--------------------------------------------------------------------------------
Writing Likwid Marker API results to file /tmp/likwid_1067894.txt
### exit=0
