### tag=sp_avx512_fma cores=1 group=FLOPS_SP kernel=peakflops_sp_avx512_fma run=2/2
### host=mad12 label=run date=2026-08-17T16:24:51+01:00
+ numactl --cpunodebind=0 --membind=0 likwid-perfctr -C 0 -g FLOPS_SP -m -o logs_2.4GHz/sp_avx512_fma_1c_run2.txt likwid-bench -t peakflops_sp_avx512_fma -w M0:524288B:1

INFO: You are running LIKWID in a cpuset with 64 CPUs. Taking given IDs as logical ID in cpuset
Allocate: Process running on hwthread 0 (Domain M0) - Vector length 131072/524288 Offset 0 Alignment 1024
--------------------------------------------------------------------------------
LIKWID MICRO BENCHMARK
Test: peakflops_sp_avx512_fma
--------------------------------------------------------------------------------
Using 1 work groups
Using 1 threads
--------------------------------------------------------------------------------
Using Likwid Marker API
--------------------------------------------------------------------------------
Group: 0 Thread 0 Global Thread 0 running on hwthread 0 - Vector length 131072 Offset 0
--------------------------------------------------------------------------------
Cycles:			4512205629
CPU Clock:		2696293692
Cycle Clock:		2696293692
Time:			1.673484e+00 sec
Iterations:		65536
Iterations per thread:	65536
Inner loop executions:	8192
Size (Byte):		524288
Size per thread:	524288
Number of Flops:	257698037760
MFlops/s:		153988.90
Data volume (Byte):	34359738368
MByte/s:		20531.85
Cycles per update:	0.525290
Cycles per cacheline:	8.404638
Loads per update:	1
Stores per update:	0
Load bytes per element:	4
Store bytes per elem.:	0
Instructions:		10200547360
UOPs:			9663676416
--------------------------------------------------------------------------------
Writing Likwid Marker API results to file /tmp/likwid_1056489.txt
### exit=0
