### tag=dp_fma cores=1 group=FLOPS_DP kernel=peakflops_avx512_fma run=1/2
### host=mad13 label=run date=2026-08-14T13:34:55+01:00
+ numactl --cpunodebind=0 --membind=0 likwid-perfctr -C 0 -g FLOPS_DP -m -o logs_pstate2/dp_fma_1c_run1.txt likwid-bench -t peakflops_avx512_fma -w M0:524288B:1

INFO: You are running LIKWID in a cpuset with 48 CPUs. Taking given IDs as logical ID in cpuset
Allocate: Process running on hwthread 0 (Domain M0) - Vector length 65536/524288 Offset 0 Alignment 512
--------------------------------------------------------------------------------
LIKWID MICRO BENCHMARK
Test: peakflops_avx512_fma
--------------------------------------------------------------------------------
Using 1 work groups
Using 1 threads
--------------------------------------------------------------------------------
Using Likwid Marker API
--------------------------------------------------------------------------------
Group: 0 Thread 0 Global Thread 0 running on hwthread 0 - Vector length 65536 Offset 0
--------------------------------------------------------------------------------
Cycles:			2557608432
CPU Clock:		2396376136
Cycle Clock:		2396376136
Time:			1.067282e+00 sec
Iterations:		16384
Iterations per thread:	16384
Inner loop executions:	8192
Size (Byte):		524288
Size per thread:	524288
Number of Flops:	32212254720
MFlops/s:		30181.59
Data volume (Byte):	8589934592
MByte/s:		8048.42
Cycles per update:	2.381958
Cycles per cacheline:	19.055668
Loads per update:	1
Stores per update:	0
Load bytes per element:	8
Store bytes per elem.:	0
Instructions:		2550136864
UOPs:			2415919104
--------------------------------------------------------------------------------
Writing Likwid Marker API results to file /tmp/likwid_222631.txt
### exit=0
