### tag=dp_fma_add cores=1 group=FLOPS_DP kernel=peakflops_amd_zen_avx512_fma_add run=2/2
### host=mad13 label=run date=2026-08-14T13:35:13+01:00
+ numactl --cpunodebind=0 --membind=0 likwid-perfctr -C 0 -g FLOPS_DP -m -o logs_pstate2/dp_fma_add_1c_run2.txt likwid-bench -t peakflops_amd_zen_avx512_fma_add -w M0:524288B:1

INFO: You are running LIKWID in a cpuset with 48 CPUs. Taking given IDs as logical ID in cpuset
Allocate: Process running on hwthread 0 (Domain M0) - Vector length 65536/524288 Offset 0 Alignment 512
--------------------------------------------------------------------------------
LIKWID MICRO BENCHMARK
Test: peakflops_amd_zen_avx512_fma_add
--------------------------------------------------------------------------------
Using 1 work groups
Using 1 threads
--------------------------------------------------------------------------------
Using Likwid Marker API
--------------------------------------------------------------------------------
Group: 0 Thread 0 Global Thread 0 running on hwthread 0 - Vector length 65536 Offset 0
--------------------------------------------------------------------------------
Cycles:			2558240352
CPU Clock:		2396380185
Cycle Clock:		2396380185
Time:			1.067544e+00 sec
Iterations:		16384
Iterations per thread:	16384
Inner loop executions:	8192
Size (Byte):		524288
Size per thread:	524288
Number of Flops:	48318382080
MFlops/s:		45261.27
Data volume (Byte):	8589934592
MByte/s:		8046.45
Cycles per update:	2.382547
Cycles per cacheline:	19.060376
Loads per update:	1
Stores per update:	0
Load bytes per element:	8
Store bytes per elem.:	0
Instructions:		4563402784
UOPs:			4429185024
--------------------------------------------------------------------------------
Writing Likwid Marker API results to file /tmp/likwid_222786.txt
### exit=0
