### tag=mem cores=192 group=MEM kernel=stream_mem_avx_fma run=1/2
### host=mad13 label=run date=2026-08-14T13:53:30+01:00
+ numactl --cpunodebind=0-7 --membind=0-7 likwid-perfctr -C 0-191 -g MEM -m -o logs_pstate2/mem_192c_run1.txt likwid-bench -t stream_mem_avx_fma -w M0:12884901888B:24 -w M1:12884901888B:24 -w M2:12884901888B:24 -w M3:12884901888B:24 -w M4:12884901888B:24 -w M5:12884901888B:24 -w M6:12884901888B:24 -w M7:12884901888B:24

Warning: Sanitizing vector length to a multiple of the loop stride 16 and thread count 24 from 536870912 elements (4294967296 bytes) to 536870784 elements (4294966272 bytes)
Allocate: Process running on hwthread 0 (Domain M0) - Vector length 536870784/4294966272 Offset 0 Alignment 512
Allocate: Process running on hwthread 0 (Domain M0) - Vector length 536870784/4294966272 Offset 0 Alignment 512
Allocate: Process running on hwthread 0 (Domain M0) - Vector length 536870784/4294966272 Offset 0 Alignment 512
Initialization: First thread in domain initializes the whole stream
Warning: Sanitizing vector length to a multiple of the loop stride 16 and thread count 24 from 536870912 elements (4294967296 bytes) to 536870784 elements (4294966272 bytes)
Allocate: Process running on hwthread 24 (Domain M1) - Vector length 536870784/4294966272 Offset 0 Alignment 512
Allocate: Process running on hwthread 24 (Domain M1) - Vector length 536870784/4294966272 Offset 0 Alignment 512
Allocate: Process running on hwthread 24 (Domain M1) - Vector length 536870784/4294966272 Offset 0 Alignment 512
Initialization: First thread in domain initializes the whole stream
Warning: Sanitizing vector length to a multiple of the loop stride 16 and thread count 24 from 536870912 elements (4294967296 bytes) to 536870784 elements (4294966272 bytes)
Allocate: Process running on hwthread 48 (Domain M2) - Vector length 536870784/4294966272 Offset 0 Alignment 512
Allocate: Process running on hwthread 48 (Domain M2) - Vector length 536870784/4294966272 Offset 0 Alignment 512
Allocate: Process running on hwthread 48 (Domain M2) - Vector length 536870784/4294966272 Offset 0 Alignment 512
Initialization: First thread in domain initializes the whole stream
Warning: Sanitizing vector length to a multiple of the loop stride 16 and thread count 24 from 536870912 elements (4294967296 bytes) to 536870784 elements (4294966272 bytes)
Allocate: Process running on hwthread 72 (Domain M3) - Vector length 536870784/4294966272 Offset 0 Alignment 512
Allocate: Process running on hwthread 72 (Domain M3) - Vector length 536870784/4294966272 Offset 0 Alignment 512
Allocate: Process running on hwthread 72 (Domain M3) - Vector length 536870784/4294966272 Offset 0 Alignment 512
Initialization: First thread in domain initializes the whole stream
Warning: Sanitizing vector length to a multiple of the loop stride 16 and thread count 24 from 536870912 elements (4294967296 bytes) to 536870784 elements (4294966272 bytes)
Allocate: Process running on hwthread 96 (Domain M4) - Vector length 536870784/4294966272 Offset 0 Alignment 512
Allocate: Process running on hwthread 96 (Domain M4) - Vector length 536870784/4294966272 Offset 0 Alignment 512
Allocate: Process running on hwthread 96 (Domain M4) - Vector length 536870784/4294966272 Offset 0 Alignment 512
Initialization: First thread in domain initializes the whole stream
Warning: Sanitizing vector length to a multiple of the loop stride 16 and thread count 24 from 536870912 elements (4294967296 bytes) to 536870784 elements (4294966272 bytes)
Allocate: Process running on hwthread 120 (Domain M5) - Vector length 536870784/4294966272 Offset 0 Alignment 512
Allocate: Process running on hwthread 120 (Domain M5) - Vector length 536870784/4294966272 Offset 0 Alignment 512
Allocate: Process running on hwthread 120 (Domain M5) - Vector length 536870784/4294966272 Offset 0 Alignment 512
Initialization: First thread in domain initializes the whole stream
Warning: Sanitizing vector length to a multiple of the loop stride 16 and thread count 24 from 536870912 elements (4294967296 bytes) to 536870784 elements (4294966272 bytes)
Allocate: Process running on hwthread 144 (Domain M6) - Vector length 536870784/4294966272 Offset 0 Alignment 512
Allocate: Process running on hwthread 144 (Domain M6) - Vector length 536870784/4294966272 Offset 0 Alignment 512
Allocate: Process running on hwthread 144 (Domain M6) - Vector length 536870784/4294966272 Offset 0 Alignment 512
Initialization: First thread in domain initializes the whole stream
Warning: Sanitizing vector length to a multiple of the loop stride 16 and thread count 24 from 536870912 elements (4294967296 bytes) to 536870784 elements (4294966272 bytes)
Allocate: Process running on hwthread 168 (Domain M7) - Vector length 536870784/4294966272 Offset 0 Alignment 512
Allocate: Process running on hwthread 168 (Domain M7) - Vector length 536870784/4294966272 Offset 0 Alignment 512
Allocate: Process running on hwthread 168 (Domain M7) - Vector length 536870784/4294966272 Offset 0 Alignment 512
Initialization: First thread in domain initializes the whole stream
--------------------------------------------------------------------------------
LIKWID MICRO BENCHMARK
Test: stream_mem_avx_fma
--------------------------------------------------------------------------------
Using 8 work groups
Using 192 threads
--------------------------------------------------------------------------------
Using Likwid Marker API
--------------------------------------------------------------------------------
Group: 0 Thread 0 Global Thread 0 running on hwthread 0 - Vector length 22369616 Offset 0
Group: 0 Thread 1 Global Thread 1 running on hwthread 1 - Vector length 22369616 Offset 22369616
Group: 0 Thread 2 Global Thread 2 running on hwthread 2 - Vector length 22369616 Offset 44739232
Group: 0 Thread 3 Global Thread 3 running on hwthread 3 - Vector length 22369616 Offset 67108848
Group: 0 Thread 4 Global Thread 4 running on hwthread 4 - Vector length 22369616 Offset 89478464
Group: 0 Thread 5 Global Thread 5 running on hwthread 5 - Vector length 22369616 Offset 111848080
Group: 0 Thread 6 Global Thread 6 running on hwthread 6 - Vector length 22369616 Offset 134217696
Group: 0 Thread 7 Global Thread 7 running on hwthread 7 - Vector length 22369616 Offset 156587312
Group: 0 Thread 8 Global Thread 8 running on hwthread 8 - Vector length 22369616 Offset 178956928
Group: 0 Thread 9 Global Thread 9 running on hwthread 9 - Vector length 22369616 Offset 201326544
Group: 0 Thread 10 Global Thread 10 running on hwthread 10 - Vector length 22369616 Offset 223696160
Group: 0 Thread 11 Global Thread 11 running on hwthread 11 - Vector length 22369616 Offset 246065776
Group: 0 Thread 12 Global Thread 12 running on hwthread 12 - Vector length 22369616 Offset 268435392
Group: 0 Thread 13 Global Thread 13 running on hwthread 13 - Vector length 22369616 Offset 290805008
Group: 0 Thread 14 Global Thread 14 running on hwthread 14 - Vector length 22369616 Offset 313174624
Group: 0 Thread 15 Global Thread 15 running on hwthread 15 - Vector length 22369616 Offset 335544240
Group: 0 Thread 16 Global Thread 16 running on hwthread 16 - Vector length 22369616 Offset 357913856
Group: 0 Thread 17 Global Thread 17 running on hwthread 17 - Vector length 22369616 Offset 380283472
Group: 0 Thread 18 Global Thread 18 running on hwthread 18 - Vector length 22369616 Offset 402653088
Group: 0 Thread 19 Global Thread 19 running on hwthread 19 - Vector length 22369616 Offset 425022704
Group: 0 Thread 20 Global Thread 20 running on hwthread 20 - Vector length 22369616 Offset 447392320
Group: 0 Thread 21 Global Thread 21 running on hwthread 21 - Vector length 22369616 Offset 469761936
Group: 0 Thread 22 Global Thread 22 running on hwthread 22 - Vector length 22369616 Offset 492131552
Group: 0 Thread 23 Global Thread 23 running on hwthread 23 - Vector length 22369616 Offset 514501168
Group: 1 Thread 0 Global Thread 24 running on hwthread 24 - Vector length 22369616 Offset 0
Group: 1 Thread 1 Global Thread 25 running on hwthread 25 - Vector length 22369616 Offset 22369616
Group: 1 Thread 2 Global Thread 26 running on hwthread 26 - Vector length 22369616 Offset 44739232
Group: 1 Thread 3 Global Thread 27 running on hwthread 27 - Vector length 22369616 Offset 67108848
Group: 1 Thread 4 Global Thread 28 running on hwthread 28 - Vector length 22369616 Offset 89478464
Group: 1 Thread 5 Global Thread 29 running on hwthread 29 - Vector length 22369616 Offset 111848080
Group: 1 Thread 6 Global Thread 30 running on hwthread 30 - Vector length 22369616 Offset 134217696
Group: 1 Thread 7 Global Thread 31 running on hwthread 31 - Vector length 22369616 Offset 156587312
Group: 1 Thread 8 Global Thread 32 running on hwthread 32 - Vector length 22369616 Offset 178956928
Group: 1 Thread 9 Global Thread 33 running on hwthread 33 - Vector length 22369616 Offset 201326544
Group: 1 Thread 10 Global Thread 34 running on hwthread 34 - Vector length 22369616 Offset 223696160
Group: 1 Thread 11 Global Thread 35 running on hwthread 35 - Vector length 22369616 Offset 246065776
Group: 1 Thread 12 Global Thread 36 running on hwthread 36 - Vector length 22369616 Offset 268435392
Group: 1 Thread 13 Global Thread 37 running on hwthread 37 - Vector length 22369616 Offset 290805008
Group: 1 Thread 14 Global Thread 38 running on hwthread 38 - Vector length 22369616 Offset 313174624
Group: 1 Thread 15 Global Thread 39 running on hwthread 39 - Vector length 22369616 Offset 335544240
Group: 1 Thread 16 Global Thread 40 running on hwthread 40 - Vector length 22369616 Offset 357913856
Group: 1 Thread 17 Global Thread 41 running on hwthread 41 - Vector length 22369616 Offset 380283472
Group: 1 Thread 18 Global Thread 42 running on hwthread 42 - Vector length 22369616 Offset 402653088
Group: 1 Thread 19 Global Thread 43 running on hwthread 43 - Vector length 22369616 Offset 425022704
Group: 1 Thread 20 Global Thread 44 running on hwthread 44 - Vector length 22369616 Offset 447392320
Group: 1 Thread 21 Global Thread 45 running on hwthread 45 - Vector length 22369616 Offset 469761936
Group: 1 Thread 22 Global Thread 46 running on hwthread 46 - Vector length 22369616 Offset 492131552
Group: 1 Thread 23 Global Thread 47 running on hwthread 47 - Vector length 22369616 Offset 514501168
Group: 2 Thread 0 Global Thread 48 running on hwthread 48 - Vector length 22369616 Offset 0
Group: 2 Thread 1 Global Thread 49 running on hwthread 49 - Vector length 22369616 Offset 22369616
Group: 2 Thread 2 Global Thread 50 running on hwthread 50 - Vector length 22369616 Offset 44739232
Group: 2 Thread 3 Global Thread 51 running on hwthread 51 - Vector length 22369616 Offset 67108848
Group: 2 Thread 4 Global Thread 52 running on hwthread 52 - Vector length 22369616 Offset 89478464
Group: 2 Thread 5 Global Thread 53 running on hwthread 53 - Vector length 22369616 Offset 111848080
Group: 2 Thread 6 Global Thread 54 running on hwthread 54 - Vector length 22369616 Offset 134217696
Group: 2 Thread 7 Global Thread 55 running on hwthread 55 - Vector length 22369616 Offset 156587312
Group: 2 Thread 8 Global Thread 56 running on hwthread 56 - Vector length 22369616 Offset 178956928
Group: 2 Thread 9 Global Thread 57 running on hwthread 57 - Vector length 22369616 Offset 201326544
Group: 2 Thread 10 Global Thread 58 running on hwthread 58 - Vector length 22369616 Offset 223696160
Group: 2 Thread 11 Global Thread 59 running on hwthread 59 - Vector length 22369616 Offset 246065776
Group: 2 Thread 12 Global Thread 60 running on hwthread 60 - Vector length 22369616 Offset 268435392
Group: 2 Thread 13 Global Thread 61 running on hwthread 61 - Vector length 22369616 Offset 290805008
Group: 2 Thread 14 Global Thread 62 running on hwthread 62 - Vector length 22369616 Offset 313174624
Group: 2 Thread 15 Global Thread 63 running on hwthread 63 - Vector length 22369616 Offset 335544240
Group: 2 Thread 16 Global Thread 64 running on hwthread 64 - Vector length 22369616 Offset 357913856
Group: 2 Thread 17 Global Thread 65 running on hwthread 65 - Vector length 22369616 Offset 380283472
Group: 2 Thread 18 Global Thread 66 running on hwthread 66 - Vector length 22369616 Offset 402653088
Group: 2 Thread 19 Global Thread 67 running on hwthread 67 - Vector length 22369616 Offset 425022704
Group: 2 Thread 20 Global Thread 68 running on hwthread 68 - Vector length 22369616 Offset 447392320
Group: 2 Thread 21 Global Thread 69 running on hwthread 69 - Vector length 22369616 Offset 469761936
Group: 2 Thread 22 Global Thread 70 running on hwthread 70 - Vector length 22369616 Offset 492131552
Group: 2 Thread 23 Global Thread 71 running on hwthread 71 - Vector length 22369616 Offset 514501168
Group: 3 Thread 0 Global Thread 72 running on hwthread 72 - Vector length 22369616 Offset 0
Group: 3 Thread 1 Global Thread 73 running on hwthread 73 - Vector length 22369616 Offset 22369616
Group: 3 Thread 2 Global Thread 74 running on hwthread 74 - Vector length 22369616 Offset 44739232
Group: 3 Thread 3 Global Thread 75 running on hwthread 75 - Vector length 22369616 Offset 67108848
Group: 3 Thread 4 Global Thread 76 running on hwthread 76 - Vector length 22369616 Offset 89478464
Group: 3 Thread 5 Global Thread 77 running on hwthread 77 - Vector length 22369616 Offset 111848080
Group: 3 Thread 6 Global Thread 78 running on hwthread 78 - Vector length 22369616 Offset 134217696
Group: 3 Thread 7 Global Thread 79 running on hwthread 79 - Vector length 22369616 Offset 156587312
Group: 3 Thread 8 Global Thread 80 running on hwthread 80 - Vector length 22369616 Offset 178956928
Group: 3 Thread 9 Global Thread 81 running on hwthread 81 - Vector length 22369616 Offset 201326544
Group: 3 Thread 10 Global Thread 82 running on hwthread 82 - Vector length 22369616 Offset 223696160
Group: 3 Thread 11 Global Thread 83 running on hwthread 83 - Vector length 22369616 Offset 246065776
Group: 3 Thread 12 Global Thread 84 running on hwthread 84 - Vector length 22369616 Offset 268435392
Group: 3 Thread 13 Global Thread 85 running on hwthread 85 - Vector length 22369616 Offset 290805008
Group: 3 Thread 14 Global Thread 86 running on hwthread 86 - Vector length 22369616 Offset 313174624
Group: 3 Thread 15 Global Thread 87 running on hwthread 87 - Vector length 22369616 Offset 335544240
Group: 3 Thread 16 Global Thread 88 running on hwthread 88 - Vector length 22369616 Offset 357913856
Group: 3 Thread 17 Global Thread 89 running on hwthread 89 - Vector length 22369616 Offset 380283472
Group: 3 Thread 18 Global Thread 90 running on hwthread 90 - Vector length 22369616 Offset 402653088
Group: 3 Thread 19 Global Thread 91 running on hwthread 91 - Vector length 22369616 Offset 425022704
Group: 3 Thread 20 Global Thread 92 running on hwthread 92 - Vector length 22369616 Offset 447392320
Group: 3 Thread 21 Global Thread 93 running on hwthread 93 - Vector length 22369616 Offset 469761936
Group: 3 Thread 22 Global Thread 94 running on hwthread 94 - Vector length 22369616 Offset 492131552
Group: 3 Thread 23 Global Thread 95 running on hwthread 95 - Vector length 22369616 Offset 514501168
Group: 4 Thread 0 Global Thread 96 running on hwthread 96 - Vector length 22369616 Offset 0
Group: 4 Thread 1 Global Thread 97 running on hwthread 97 - Vector length 22369616 Offset 22369616
Group: 4 Thread 2 Global Thread 98 running on hwthread 98 - Vector length 22369616 Offset 44739232
Group: 4 Thread 3 Global Thread 99 running on hwthread 99 - Vector length 22369616 Offset 67108848
Group: 4 Thread 4 Global Thread 100 running on hwthread 100 - Vector length 22369616 Offset 89478464
Group: 4 Thread 5 Global Thread 101 running on hwthread 101 - Vector length 22369616 Offset 111848080
Group: 4 Thread 6 Global Thread 102 running on hwthread 102 - Vector length 22369616 Offset 134217696
Group: 4 Thread 7 Global Thread 103 running on hwthread 103 - Vector length 22369616 Offset 156587312
Group: 4 Thread 8 Global Thread 104 running on hwthread 104 - Vector length 22369616 Offset 178956928
Group: 4 Thread 9 Global Thread 105 running on hwthread 105 - Vector length 22369616 Offset 201326544
Group: 4 Thread 10 Global Thread 106 running on hwthread 106 - Vector length 22369616 Offset 223696160
Group: 4 Thread 11 Global Thread 107 running on hwthread 107 - Vector length 22369616 Offset 246065776
Group: 4 Thread 12 Global Thread 108 running on hwthread 108 - Vector length 22369616 Offset 268435392
Group: 4 Thread 13 Global Thread 109 running on hwthread 109 - Vector length 22369616 Offset 290805008
Group: 4 Thread 14 Global Thread 110 running on hwthread 110 - Vector length 22369616 Offset 313174624
Group: 4 Thread 15 Global Thread 111 running on hwthread 111 - Vector length 22369616 Offset 335544240
Group: 4 Thread 16 Global Thread 112 running on hwthread 112 - Vector length 22369616 Offset 357913856
Group: 4 Thread 17 Global Thread 113 running on hwthread 113 - Vector length 22369616 Offset 380283472
Group: 4 Thread 18 Global Thread 114 running on hwthread 114 - Vector length 22369616 Offset 402653088
Group: 4 Thread 19 Global Thread 115 running on hwthread 115 - Vector length 22369616 Offset 425022704
Group: 4 Thread 20 Global Thread 116 running on hwthread 116 - Vector length 22369616 Offset 447392320
Group: 4 Thread 21 Global Thread 117 running on hwthread 117 - Vector length 22369616 Offset 469761936
Group: 4 Thread 22 Global Thread 118 running on hwthread 118 - Vector length 22369616 Offset 492131552
Group: 4 Thread 23 Global Thread 119 running on hwthread 119 - Vector length 22369616 Offset 514501168
Group: 5 Thread 0 Global Thread 120 running on hwthread 120 - Vector length 22369616 Offset 0
Group: 5 Thread 1 Global Thread 121 running on hwthread 121 - Vector length 22369616 Offset 22369616
Group: 5 Thread 2 Global Thread 122 running on hwthread 122 - Vector length 22369616 Offset 44739232
Group: 5 Thread 3 Global Thread 123 running on hwthread 123 - Vector length 22369616 Offset 67108848
Group: 5 Thread 4 Global Thread 124 running on hwthread 124 - Vector length 22369616 Offset 89478464
Group: 5 Thread 5 Global Thread 125 running on hwthread 125 - Vector length 22369616 Offset 111848080
Group: 5 Thread 6 Global Thread 126 running on hwthread 126 - Vector length 22369616 Offset 134217696
Group: 5 Thread 7 Global Thread 127 running on hwthread 127 - Vector length 22369616 Offset 156587312
Group: 5 Thread 8 Global Thread 128 running on hwthread 128 - Vector length 22369616 Offset 178956928
Group: 5 Thread 9 Global Thread 129 running on hwthread 129 - Vector length 22369616 Offset 201326544
Group: 5 Thread 10 Global Thread 130 running on hwthread 130 - Vector length 22369616 Offset 223696160
Group: 5 Thread 11 Global Thread 131 running on hwthread 131 - Vector length 22369616 Offset 246065776
Group: 5 Thread 12 Global Thread 132 running on hwthread 132 - Vector length 22369616 Offset 268435392
Group: 5 Thread 13 Global Thread 133 running on hwthread 133 - Vector length 22369616 Offset 290805008
Group: 5 Thread 14 Global Thread 134 running on hwthread 134 - Vector length 22369616 Offset 313174624
Group: 5 Thread 15 Global Thread 135 running on hwthread 135 - Vector length 22369616 Offset 335544240
Group: 5 Thread 16 Global Thread 136 running on hwthread 136 - Vector length 22369616 Offset 357913856
Group: 5 Thread 17 Global Thread 137 running on hwthread 137 - Vector length 22369616 Offset 380283472
Group: 5 Thread 18 Global Thread 138 running on hwthread 138 - Vector length 22369616 Offset 402653088
Group: 5 Thread 19 Global Thread 139 running on hwthread 139 - Vector length 22369616 Offset 425022704
Group: 5 Thread 20 Global Thread 140 running on hwthread 140 - Vector length 22369616 Offset 447392320
Group: 5 Thread 21 Global Thread 141 running on hwthread 141 - Vector length 22369616 Offset 469761936
Group: 5 Thread 22 Global Thread 142 running on hwthread 142 - Vector length 22369616 Offset 492131552
Group: 5 Thread 23 Global Thread 143 running on hwthread 143 - Vector length 22369616 Offset 514501168
Group: 6 Thread 0 Global Thread 144 running on hwthread 144 - Vector length 22369616 Offset 0
Group: 6 Thread 1 Global Thread 145 running on hwthread 145 - Vector length 22369616 Offset 22369616
Group: 6 Thread 2 Global Thread 146 running on hwthread 146 - Vector length 22369616 Offset 44739232
Group: 6 Thread 3 Global Thread 147 running on hwthread 147 - Vector length 22369616 Offset 67108848
Group: 6 Thread 4 Global Thread 148 running on hwthread 148 - Vector length 22369616 Offset 89478464
Group: 6 Thread 5 Global Thread 149 running on hwthread 149 - Vector length 22369616 Offset 111848080
Group: 6 Thread 6 Global Thread 150 running on hwthread 150 - Vector length 22369616 Offset 134217696
Group: 6 Thread 7 Global Thread 151 running on hwthread 151 - Vector length 22369616 Offset 156587312
Group: 6 Thread 8 Global Thread 152 running on hwthread 152 - Vector length 22369616 Offset 178956928
Group: 6 Thread 9 Global Thread 153 running on hwthread 153 - Vector length 22369616 Offset 201326544
Group: 6 Thread 10 Global Thread 154 running on hwthread 154 - Vector length 22369616 Offset 223696160
Group: 6 Thread 11 Global Thread 155 running on hwthread 155 - Vector length 22369616 Offset 246065776
Group: 6 Thread 12 Global Thread 156 running on hwthread 156 - Vector length 22369616 Offset 268435392
Group: 6 Thread 13 Global Thread 157 running on hwthread 157 - Vector length 22369616 Offset 290805008
Group: 6 Thread 14 Global Thread 158 running on hwthread 158 - Vector length 22369616 Offset 313174624
Group: 6 Thread 15 Global Thread 159 running on hwthread 159 - Vector length 22369616 Offset 335544240
Group: 6 Thread 16 Global Thread 160 running on hwthread 160 - Vector length 22369616 Offset 357913856
Group: 6 Thread 17 Global Thread 161 running on hwthread 161 - Vector length 22369616 Offset 380283472
Group: 6 Thread 18 Global Thread 162 running on hwthread 162 - Vector length 22369616 Offset 402653088
Group: 6 Thread 19 Global Thread 163 running on hwthread 163 - Vector length 22369616 Offset 425022704
Group: 6 Thread 20 Global Thread 164 running on hwthread 164 - Vector length 22369616 Offset 447392320
Group: 6 Thread 21 Global Thread 165 running on hwthread 165 - Vector length 22369616 Offset 469761936
Group: 6 Thread 22 Global Thread 166 running on hwthread 166 - Vector length 22369616 Offset 492131552
Group: 6 Thread 23 Global Thread 167 running on hwthread 167 - Vector length 22369616 Offset 514501168
Group: 7 Thread 0 Global Thread 168 running on hwthread 168 - Vector length 22369616 Offset 0
Group: 7 Thread 1 Global Thread 169 running on hwthread 169 - Vector length 22369616 Offset 22369616
Group: 7 Thread 2 Global Thread 170 running on hwthread 170 - Vector length 22369616 Offset 44739232
Group: 7 Thread 3 Global Thread 171 running on hwthread 171 - Vector length 22369616 Offset 67108848
Group: 7 Thread 4 Global Thread 172 running on hwthread 172 - Vector length 22369616 Offset 89478464
Group: 7 Thread 5 Global Thread 173 running on hwthread 173 - Vector length 22369616 Offset 111848080
Group: 7 Thread 6 Global Thread 174 running on hwthread 174 - Vector length 22369616 Offset 134217696
Group: 7 Thread 7 Global Thread 175 running on hwthread 175 - Vector length 22369616 Offset 156587312
Group: 7 Thread 8 Global Thread 176 running on hwthread 176 - Vector length 22369616 Offset 178956928
Group: 7 Thread 9 Global Thread 177 running on hwthread 177 - Vector length 22369616 Offset 201326544
Group: 7 Thread 10 Global Thread 178 running on hwthread 178 - Vector length 22369616 Offset 223696160
Group: 7 Thread 11 Global Thread 179 running on hwthread 179 - Vector length 22369616 Offset 246065776
Group: 7 Thread 12 Global Thread 180 running on hwthread 180 - Vector length 22369616 Offset 268435392
Group: 7 Thread 13 Global Thread 181 running on hwthread 181 - Vector length 22369616 Offset 290805008
Group: 7 Thread 14 Global Thread 182 running on hwthread 182 - Vector length 22369616 Offset 313174624
Group: 7 Thread 15 Global Thread 183 running on hwthread 183 - Vector length 22369616 Offset 335544240
Group: 7 Thread 16 Global Thread 184 running on hwthread 184 - Vector length 22369616 Offset 357913856
Group: 7 Thread 17 Global Thread 185 running on hwthread 185 - Vector length 22369616 Offset 380283472
Group: 7 Thread 18 Global Thread 186 running on hwthread 186 - Vector length 22369616 Offset 402653088
Group: 7 Thread 19 Global Thread 187 running on hwthread 187 - Vector length 22369616 Offset 425022704
Group: 7 Thread 20 Global Thread 188 running on hwthread 188 - Vector length 22369616 Offset 447392320
Group: 7 Thread 21 Global Thread 189 running on hwthread 189 - Vector length 22369616 Offset 469761936
Group: 7 Thread 22 Global Thread 190 running on hwthread 190 - Vector length 22369616 Offset 492131552
Group: 7 Thread 23 Global Thread 191 running on hwthread 191 - Vector length 22369616 Offset 514501168
--------------------------------------------------------------------------------
Cycles:			42637852632
CPU Clock:		2396376213
Cycle Clock:		2396376213
Time:			1.779264e+01 sec
Iterations:		24576
Iterations per thread:	128
Inner loop executions:	1398101
Size (Byte):		103079190528
Size per thread:	536870784
Number of Flops:	1099511365632
MFlops/s:		61795.86
Data volume (Byte):	13194136387584
MByte/s:		741550.35
Cycles per update:	0.077558
Cycles per cacheline:	0.620463
Loads per update:	2
Stores per update:	1
Load bytes per element:	16
Store bytes per elem.:	8
Load/store ratio:	2.00
Instructions:		515395952657
UOPs:			755914063872
--------------------------------------------------------------------------------
Writing Likwid Marker API results to file /tmp/likwid_303719.txt
### exit=0
