### tag=sp_scalar cores=8 group=FLOPS_SP kernel=peakflops_sp run=1/2
### host=mad13 label=run date=2026-08-14T13:37:25+01:00
+ numactl --cpunodebind=0 --membind=0 likwid-perfctr -C 0-7 -g FLOPS_SP -m -o logs_pstate2/sp_scalar_8c_run1.txt likwid-bench -t peakflops_sp -w M0:4194304B:8

INFO: You are running LIKWID in a cpuset with 48 CPUs. Taking given IDs as logical ID in cpuset
Allocate: Process running on hwthread 0 (Domain M0) - Vector length 1048576/4194304 Offset 0 Alignment 1024
Initialization: First thread in domain initializes the whole stream
--------------------------------------------------------------------------------
LIKWID MICRO BENCHMARK
Test: peakflops_sp
--------------------------------------------------------------------------------
Using 1 work groups
Using 8 threads
--------------------------------------------------------------------------------
Using Likwid Marker API
--------------------------------------------------------------------------------
Group: 0 Thread 0 Global Thread 0 running on hwthread 0 - Vector length 131072 Offset 0
Group: 0 Thread 1 Global Thread 1 running on hwthread 1 - Vector length 131072 Offset 131072
Group: 0 Thread 2 Global Thread 2 running on hwthread 2 - Vector length 131072 Offset 262144
Group: 0 Thread 3 Global Thread 3 running on hwthread 3 - Vector length 131072 Offset 393216
Group: 0 Thread 4 Global Thread 4 running on hwthread 4 - Vector length 131072 Offset 524288
Group: 0 Thread 5 Global Thread 5 running on hwthread 5 - Vector length 131072 Offset 655360
Group: 0 Thread 6 Global Thread 6 running on hwthread 6 - Vector length 131072 Offset 786432
Group: 0 Thread 7 Global Thread 7 running on hwthread 7 - Vector length 131072 Offset 917504
--------------------------------------------------------------------------------
Cycles:			4094910360
CPU Clock:		2396142591
Cycle Clock:		2396142591
Time:			1.708959e+00 sec
Iterations:		32768
Iterations per thread:	4096
Inner loop executions:	131072
Size (Byte):		4194304
Size per thread:	524288
Number of Flops:	68719476736
MFlops/s:		40211.30
Data volume (Byte):	17179869184
MByte/s:		10052.82
Cycles per update:	0.953421
Cycles per cacheline:	15.254730
Loads per update:	1
Stores per update:	0
Load bytes per element:	4
Store bytes per elem.:	0
Instructions:		85899345952
UOPs:			81604378624
--------------------------------------------------------------------------------
Writing Likwid Marker API results to file /tmp/likwid_225088.txt
### exit=0
