### tag=sp_scalar cores=24 group=FLOPS_SP kernel=peakflops_sp run=1/2
### host=mad13 label=run date=2026-08-14T13:39:54+01:00
+ numactl --cpunodebind=0 --membind=0 likwid-perfctr -C 0-23 -g FLOPS_SP -m -o logs_pstate2/sp_scalar_24c_run1.txt likwid-bench -t peakflops_sp -w M0:12582912B:24

INFO: You are running LIKWID in a cpuset with 48 CPUs. Taking given IDs as logical ID in cpuset
Allocate: Process running on hwthread 0 (Domain M0) - Vector length 3145728/12582912 Offset 0 Alignment 1024
Initialization: First thread in domain initializes the whole stream
--------------------------------------------------------------------------------
LIKWID MICRO BENCHMARK
Test: peakflops_sp
--------------------------------------------------------------------------------
Using 1 work groups
Using 24 threads
--------------------------------------------------------------------------------
Using Likwid Marker API
--------------------------------------------------------------------------------
Group: 0 Thread 0 Global Thread 0 running on hwthread 0 - Vector length 131072 Offset 0
Group: 0 Thread 1 Global Thread 1 running on hwthread 1 - Vector length 131072 Offset 131072
Group: 0 Thread 2 Global Thread 2 running on hwthread 2 - Vector length 131072 Offset 262144
Group: 0 Thread 3 Global Thread 3 running on hwthread 3 - Vector length 131072 Offset 393216
Group: 0 Thread 4 Global Thread 4 running on hwthread 4 - Vector length 131072 Offset 524288
Group: 0 Thread 5 Global Thread 5 running on hwthread 5 - Vector length 131072 Offset 655360
Group: 0 Thread 6 Global Thread 6 running on hwthread 6 - Vector length 131072 Offset 786432
Group: 0 Thread 7 Global Thread 7 running on hwthread 7 - Vector length 131072 Offset 917504
Group: 0 Thread 8 Global Thread 8 running on hwthread 8 - Vector length 131072 Offset 1048576
Group: 0 Thread 9 Global Thread 9 running on hwthread 9 - Vector length 131072 Offset 1179648
Group: 0 Thread 10 Global Thread 10 running on hwthread 10 - Vector length 131072 Offset 1310720
Group: 0 Thread 11 Global Thread 11 running on hwthread 11 - Vector length 131072 Offset 1441792
Group: 0 Thread 12 Global Thread 12 running on hwthread 12 - Vector length 131072 Offset 1572864
Group: 0 Thread 13 Global Thread 13 running on hwthread 13 - Vector length 131072 Offset 1703936
Group: 0 Thread 14 Global Thread 14 running on hwthread 14 - Vector length 131072 Offset 1835008
Group: 0 Thread 15 Global Thread 15 running on hwthread 15 - Vector length 131072 Offset 1966080
Group: 0 Thread 16 Global Thread 16 running on hwthread 16 - Vector length 131072 Offset 2097152
Group: 0 Thread 17 Global Thread 17 running on hwthread 17 - Vector length 131072 Offset 2228224
Group: 0 Thread 18 Global Thread 18 running on hwthread 18 - Vector length 131072 Offset 2359296
Group: 0 Thread 19 Global Thread 19 running on hwthread 19 - Vector length 131072 Offset 2490368
Group: 0 Thread 20 Global Thread 20 running on hwthread 20 - Vector length 131072 Offset 2621440
Group: 0 Thread 21 Global Thread 21 running on hwthread 21 - Vector length 131072 Offset 2752512
Group: 0 Thread 22 Global Thread 22 running on hwthread 22 - Vector length 131072 Offset 2883584
Group: 0 Thread 23 Global Thread 23 running on hwthread 23 - Vector length 131072 Offset 3014656
--------------------------------------------------------------------------------
Cycles:			4103299800
CPU Clock:		2396376857
Cycle Clock:		2396376857
Time:			1.712293e+00 sec
Iterations:		98304
Iterations per thread:	4096
Inner loop executions:	131072
Size (Byte):		12582912
Size per thread:	524288
Number of Flops:	206158430208
MFlops/s:		120399.02
Data volume (Byte):	51539607552
MByte/s:		30099.76
Cycles per update:	0.318458
Cycles per cacheline:	5.095328
Loads per update:	1
Stores per update:	0
Load bytes per element:	4
Store bytes per elem.:	0
Instructions:		257698037792
UOPs:			244813135872
--------------------------------------------------------------------------------
Writing Likwid Marker API results to file /tmp/likwid_230678.txt
### exit=0
