### host=mad13 date=2026-08-14T13:02:14+01:00 label=run
### repeats=2 cores=1,8,24,96,192 sections=l2

===== lscpu =====
Architecture:                            x86_64
CPU op-mode(s):                          32-bit, 64-bit
Address sizes:                           52 bits physical, 57 bits virtual
Byte Order:                              Little Endian
CPU(s):                                  384
On-line CPU(s) list:                     0-383
Vendor ID:                               AuthenticAMD
Model name:                              AMD EPYC 9654 96-Core Processor
CPU family:                              25
Model:                                   17
Thread(s) per core:                      2
Core(s) per socket:                      96
Socket(s):                               2
Stepping:                                1
Frequency boost:                         enabled
CPU(s) scaling MHz:                      66%
CPU max MHz:                             3709.3569
CPU min MHz:                             1500.0000
BogoMIPS:                                4792.31
Flags:                                   fpu vme de pse tsc msr pae mce cx8 apic sep mtrr pge mca cmov pat pse36 clflush mmx fxsr sse sse2 ht syscall nx mmxext fxsr_opt pdpe1gb rdtscp lm constant_tsc rep_good amd_lbr_v2 nopl xtopology nonstop_tsc cpuid extd_apicid aperfmperf rapl pni pclmulqdq monitor ssse3 fma cx16 pcid sse4_1 sse4_2 x2apic movbe popcnt aes xsave avx f16c rdrand lahf_lm cmp_legacy svm extapic cr8_legacy abm sse4a misalignsse 3dnowprefetch osvw ibs skinit wdt tce topoext perfctr_core perfctr_nb bpext perfctr_llc mwaitx cpb cat_l3 cdp_l3 hw_pstate ssbd mba perfmon_v2 ibrs ibpb stibp ibrs_enhanced vmmcall fsgsbase bmi1 avx2 smep bmi2 erms invpcid cqm rdt_a avx512f avx512dq rdseed adx smap avx512ifma clflushopt clwb avx512cd sha_ni avx512bw avx512vl xsaveopt xsavec xgetbv1 xsaves cqm_llc cqm_occup_llc cqm_mbm_total cqm_mbm_local user_shstk avx512_bf16 clzero irperf xsaveerptr rdpru wbnoinvd amd_ppin cppc arat npt lbrv svm_lock nrip_save tsc_scale vmcb_clean flushbyasid decodeassists pausefilter pfthreshold avic v_vmsave_vmload vgif x2avic v_spec_ctrl vnmi avx512vbmi umip pku ospke avx512_vbmi2 gfni vaes vpclmulqdq avx512_vnni avx512_bitalg avx512_vpopcntdq la57 rdpid overflow_recov succor smca fsrm flush_l1d debug_swap
Virtualization:                          AMD-V
L1d cache:                               6 MiB (192 instances)
L1i cache:                               6 MiB (192 instances)
L2 cache:                                192 MiB (192 instances)
L3 cache:                                768 MiB (24 instances)
NUMA node(s):                            8
NUMA node0 CPU(s):                       0-23,192-215
NUMA node1 CPU(s):                       24-47,216-239
NUMA node2 CPU(s):                       48-71,240-263
NUMA node3 CPU(s):                       72-95,264-287
NUMA node4 CPU(s):                       96-119,288-311
NUMA node5 CPU(s):                       120-143,312-335
NUMA node6 CPU(s):                       144-167,336-359
NUMA node7 CPU(s):                       168-191,360-383
Vulnerability Gather data sampling:      Not affected
Vulnerability Indirect target selection: Not affected
Vulnerability Itlb multihit:             Not affected
Vulnerability L1tf:                      Not affected
Vulnerability Mds:                       Not affected
Vulnerability Meltdown:                  Not affected
Vulnerability Mmio stale data:           Not affected
Vulnerability Old microcode:             Not affected
Vulnerability Reg file data sampling:    Not affected
Vulnerability Retbleed:                  Not affected
Vulnerability Spec rstack overflow:      Mitigation; Safe RET
Vulnerability Spec store bypass:         Mitigation; Speculative Store Bypass disabled via prctl
Vulnerability Spectre v1:                Mitigation; usercopy/swapgs barriers and __user pointer sanitization
Vulnerability Spectre v2:                Mitigation; Enhanced / Automatic IBRS; IBPB conditional; STIBP always-on; PBRSB-eIBRS Not affected; BHI Not affected
Vulnerability Srbds:                     Not affected
Vulnerability Tsa:                       Vulnerable: No microcode
Vulnerability Tsx async abort:           Not affected
Vulnerability Vmscape:                   Mitigation; IBPB before exit to userspace

===== numactl -H =====
available: 8 nodes (0-7)
node 0 cpus: 0 1 2 3 4 5 6 7 8 9 10 11 12 13 14 15 16 17 18 19 20 21 22 23 192 193 194 195 196 197 198 199 200 201 202 203 204 205 206 207 208 209 210 211 212 213 214 215
node 0 size: 192635 MB
node 0 free: 187870 MB
node 1 cpus: 24 25 26 27 28 29 30 31 32 33 34 35 36 37 38 39 40 41 42 43 44 45 46 47 216 217 218 219 220 221 222 223 224 225 226 227 228 229 230 231 232 233 234 235 236 237 238 239
node 1 size: 193523 MB
node 1 free: 189339 MB
node 2 cpus: 48 49 50 51 52 53 54 55 56 57 58 59 60 61 62 63 64 65 66 67 68 69 70 71 240 241 242 243 244 245 246 247 248 249 250 251 252 253 254 255 256 257 258 259 260 261 262 263
node 2 size: 193523 MB
node 2 free: 189557 MB
node 3 cpus: 72 73 74 75 76 77 78 79 80 81 82 83 84 85 86 87 88 89 90 91 92 93 94 95 264 265 266 267 268 269 270 271 272 273 274 275 276 277 278 279 280 281 282 283 284 285 286 287
node 3 size: 193523 MB
node 3 free: 192816 MB
node 4 cpus: 96 97 98 99 100 101 102 103 104 105 106 107 108 109 110 111 112 113 114 115 116 117 118 119 288 289 290 291 292 293 294 295 296 297 298 299 300 301 302 303 304 305 306 307 308 309 310 311
node 4 size: 193478 MB
node 4 free: 189186 MB
node 5 cpus: 120 121 122 123 124 125 126 127 128 129 130 131 132 133 134 135 136 137 138 139 140 141 142 143 312 313 314 315 316 317 318 319 320 321 322 323 324 325 326 327 328 329 330 331 332 333 334 335
node 5 size: 193523 MB
node 5 free: 189093 MB
node 6 cpus: 144 145 146 147 148 149 150 151 152 153 154 155 156 157 158 159 160 161 162 163 164 165 166 167 336 337 338 339 340 341 342 343 344 345 346 347 348 349 350 351 352 353 354 355 356 357 358 359
node 6 size: 193523 MB
node 6 free: 189634 MB
node 7 cpus: 168 169 170 171 172 173 174 175 176 177 178 179 180 181 182 183 184 185 186 187 188 189 190 191 360 361 362 363 364 365 366 367 368 369 370 371 372 373 374 375 376 377 378 379 380 381 382 383
node 7 size: 193450 MB
node 7 free: 189301 MB
node distances:
node     0    1    2    3    4    5    6    7 
   0:   10   12   12   12   32   32   32   32 
   1:   12   10   12   12   32   32   32   32 
   2:   12   12   10   12   32   32   32   32 
   3:   12   12   12   10   32   32   32   32 
   4:   32   32   32   32   10   12   12   12 
   5:   32   32   32   32   12   10   12   12 
   6:   32   32   32   32   12   12   10   12 
   7:   32   32   32   32   12   12   12   10 

===== likwid-topology -g -c =====
--------------------------------------------------------------------------------
CPU name:	AMD EPYC 9654 96-Core Processor                
CPU type:	AMD K19 (Zen4) architecture
CPU stepping:	1
********************************************************************************
Hardware Thread Topology
********************************************************************************
Sockets:		2
CPU dies:		24
Cores per socket:	96
Threads per core:	2
--------------------------------------------------------------------------------
HWThread        Thread        Core        Die        Socket        Available
0               0             0           0          0             *                
1               0             1           0          0             *                
2               0             2           0          0             *                
3               0             3           0          0             *                
4               0             4           0          0             *                
5               0             5           0          0             *                
6               0             6           0          0             *                
7               0             7           0          0             *                
8               0             8           0          0             *                
9               0             9           0          0             *                
10              0             10          0          0             *                
11              0             11          0          0             *                
12              0             12          0          0             *                
13              0             13          0          0             *                
14              0             14          0          0             *                
15              0             15          0          0             *                
16              0             16          0          0             *                
17              0             17          0          0             *                
18              0             18          0          0             *                
19              0             19          0          0             *                
20              0             20          0          0             *                
21              0             21          0          0             *                
22              0             22          0          0             *                
23              0             23          0          0             *                
24              0             24          0          0             *                
25              0             25          0          0             *                
26              0             26          0          0             *                
27              0             27          0          0             *                
28              0             28          0          0             *                
29              0             29          0          0             *                
30              0             30          0          0             *                
31              0             31          0          0             *                
32              0             32          0          0             *                
33              0             33          0          0             *                
34              0             34          0          0             *                
35              0             35          0          0             *                
36              0             36          0          0             *                
37              0             37          0          0             *                
38              0             38          0          0             *                
39              0             39          0          0             *                
40              0             40          0          0             *                
41              0             41          0          0             *                
42              0             42          0          0             *                
43              0             43          0          0             *                
44              0             44          0          0             *                
45              0             45          0          0             *                
46              0             46          0          0             *                
47              0             47          0          0             *                
48              0             48          0          0             *                
49              0             49          0          0             *                
50              0             50          0          0             *                
51              0             51          0          0             *                
52              0             52          0          0             *                
53              0             53          0          0             *                
54              0             54          0          0             *                
55              0             55          0          0             *                
56              0             56          0          0             *                
57              0             57          0          0             *                
58              0             58          0          0             *                
59              0             59          0          0             *                
60              0             60          0          0             *                
61              0             61          0          0             *                
62              0             62          0          0             *                
63              0             63          0          0             *                
64              0             64          0          0             *                
65              0             65          0          0             *                
66              0             66          0          0             *                
67              0             67          0          0             *                
68              0             68          0          0             *                
69              0             69          0          0             *                
70              0             70          0          0             *                
71              0             71          0          0             *                
72              0             72          0          0             *                
73              0             73          0          0             *                
74              0             74          0          0             *                
75              0             75          0          0             *                
76              0             76          0          0             *                
77              0             77          0          0             *                
78              0             78          0          0             *                
79              0             79          0          0             *                
80              0             80          0          0             *                
81              0             81          0          0             *                
82              0             82          0          0             *                
83              0             83          0          0             *                
84              0             84          0          0             *                
85              0             85          0          0             *                
86              0             86          0          0             *                
87              0             87          0          0             *                
88              0             88          0          0             *                
89              0             89          0          0             *                
90              0             90          0          0             *                
91              0             91          0          0             *                
92              0             92          0          0             *                
93              0             93          0          0             *                
94              0             94          0          0             *                
95              0             95          0          0             *                
96              0             96          0          1             *                
97              0             97          0          1             *                
98              0             98          0          1             *                
99              0             99          0          1             *                
100             0             100         0          1             *                
101             0             101         0          1             *                
102             0             102         0          1             *                
103             0             103         0          1             *                
104             0             104         0          1             *                
105             0             105         0          1             *                
106             0             106         0          1             *                
107             0             107         0          1             *                
108             0             108         0          1             *                
109             0             109         0          1             *                
110             0             110         0          1             *                
111             0             111         0          1             *                
112             0             112         0          1             *                
113             0             113         0          1             *                
114             0             114         0          1             *                
115             0             115         0          1             *                
116             0             116         0          1             *                
117             0             117         0          1             *                
118             0             118         0          1             *                
119             0             119         0          1             *                
120             0             120         0          1             *                
121             0             121         0          1             *                
122             0             122         0          1             *                
123             0             123         0          1             *                
124             0             124         0          1             *                
125             0             125         0          1             *                
126             0             126         0          1             *                
127             0             127         0          1             *                
128             0             128         0          1             *                
129             0             129         0          1             *                
130             0             130         0          1             *                
131             0             131         0          1             *                
132             0             132         0          1             *                
133             0             133         0          1             *                
134             0             134         0          1             *                
135             0             135         0          1             *                
136             0             136         0          1             *                
137             0             137         0          1             *                
138             0             138         0          1             *                
139             0             139         0          1             *                
140             0             140         0          1             *                
141             0             141         0          1             *                
142             0             142         0          1             *                
143             0             143         0          1             *                
144             0             144         0          1             *                
145             0             145         0          1             *                
146             0             146         0          1             *                
147             0             147         0          1             *                
148             0             148         0          1             *                
149             0             149         0          1             *                
150             0             150         0          1             *                
151             0             151         0          1             *                
152             0             152         0          1             *                
153             0             153         0          1             *                
154             0             154         0          1             *                
155             0             155         0          1             *                
156             0             156         0          1             *                
157             0             157         0          1             *                
158             0             158         0          1             *                
159             0             159         0          1             *                
160             0             160         0          1             *                
161             0             161         0          1             *                
162             0             162         0          1             *                
163             0             163         0          1             *                
164             0             164         0          1             *                
165             0             165         0          1             *                
166             0             166         0          1             *                
167             0             167         0          1             *                
168             0             168         0          1             *                
169             0             169         0          1             *                
170             0             170         0          1             *                
171             0             171         0          1             *                
172             0             172         0          1             *                
173             0             173         0          1             *                
174             0             174         0          1             *                
175             0             175         0          1             *                
176             0             176         0          1             *                
177             0             177         0          1             *                
178             0             178         0          1             *                
179             0             179         0          1             *                
180             0             180         0          1             *                
181             0             181         0          1             *                
182             0             182         0          1             *                
183             0             183         0          1             *                
184             0             184         0          1             *                
185             0             185         0          1             *                
186             0             186         0          1             *                
187             0             187         0          1             *                
188             0             188         0          1             *                
189             0             189         0          1             *                
190             0             190         0          1             *                
191             0             191         0          1             *                
192             1             0           0          0             *                
193             1             1           0          0             *                
194             1             2           0          0             *                
195             1             3           0          0             *                
196             1             4           0          0             *                
197             1             5           0          0             *                
198             1             6           0          0             *                
199             1             7           0          0             *                
200             1             8           0          0             *                
201             1             9           0          0             *                
202             1             10          0          0             *                
203             1             11          0          0             *                
204             1             12          0          0             *                
205             1             13          0          0             *                
206             1             14          0          0             *                
207             1             15          0          0             *                
208             1             16          0          0             *                
209             1             17          0          0             *                
210             1             18          0          0             *                
211             1             19          0          0             *                
212             1             20          0          0             *                
213             1             21          0          0             *                
214             1             22          0          0             *                
215             1             23          0          0             *                
216             1             24          0          0             *                
217             1             25          0          0             *                
218             1             26          0          0             *                
219             1             27          0          0             *                
220             1             28          0          0             *                
221             1             29          0          0             *                
222             1             30          0          0             *                
223             1             31          0          0             *                
224             1             32          0          0             *                
225             1             33          0          0             *                
226             1             34          0          0             *                
227             1             35          0          0             *                
228             1             36          0          0             *                
229             1             37          0          0             *                
230             1             38          0          0             *                
231             1             39          0          0             *                
232             1             40          0          0             *                
233             1             41          0          0             *                
234             1             42          0          0             *                
235             1             43          0          0             *                
236             1             44          0          0             *                
237             1             45          0          0             *                
238             1             46          0          0             *                
239             1             47          0          0             *                
240             1             48          0          0             *                
241             1             49          0          0             *                
242             1             50          0          0             *                
243             1             51          0          0             *                
244             1             52          0          0             *                
245             1             53          0          0             *                
246             1             54          0          0             *                
247             1             55          0          0             *                
248             1             56          0          0             *                
249             1             57          0          0             *                
250             1             58          0          0             *                
251             1             59          0          0             *                
252             1             60          0          0             *                
253             1             61          0          0             *                
254             1             62          0          0             *                
255             1             63          0          0             *                
256             1             64          0          0             *                
257             1             65          0          0             *                
258             1             66          0          0             *                
259             1             67          0          0             *                
260             1             68          0          0             *                
261             1             69          0          0             *                
262             1             70          0          0             *                
263             1             71          0          0             *                
264             1             72          0          0             *                
265             1             73          0          0             *                
266             1             74          0          0             *                
267             1             75          0          0             *                
268             1             76          0          0             *                
269             1             77          0          0             *                
270             1             78          0          0             *                
271             1             79          0          0             *                
272             1             80          0          0             *                
273             1             81          0          0             *                
274             1             82          0          0             *                
275             1             83          0          0             *                
276             1             84          0          0             *                
277             1             85          0          0             *                
278             1             86          0          0             *                
279             1             87          0          0             *                
280             1             88          0          0             *                
281             1             89          0          0             *                
282             1             90          0          0             *                
283             1             91          0          0             *                
284             1             92          0          0             *                
285             1             93          0          0             *                
286             1             94          0          0             *                
287             1             95          0          0             *                
288             1             96          0          1             *                
289             1             97          0          1             *                
290             1             98          0          1             *                
291             1             99          0          1             *                
292             1             100         0          1             *                
293             1             101         0          1             *                
294             1             102         0          1             *                
295             1             103         0          1             *                
296             1             104         0          1             *                
297             1             105         0          1             *                
298             1             106         0          1             *                
299             1             107         0          1             *                
300             1             108         0          1             *                
301             1             109         0          1             *                
302             1             110         0          1             *                
303             1             111         0          1             *                
304             1             112         0          1             *                
305             1             113         0          1             *                
306             1             114         0          1             *                
307             1             115         0          1             *                
308             1             116         0          1             *                
309             1             117         0          1             *                
310             1             118         0          1             *                
311             1             119         0          1             *                
312             1             120         0          1             *                
313             1             121         0          1             *                
314             1             122         0          1             *                
315             1             123         0          1             *                
316             1             124         0          1             *                
317             1             125         0          1             *                
318             1             126         0          1             *                
319             1             127         0          1             *                
320             1             128         0          1             *                
321             1             129         0          1             *                
322             1             130         0          1             *                
323             1             131         0          1             *                
324             1             132         0          1             *                
325             1             133         0          1             *                
326             1             134         0          1             *                
327             1             135         0          1             *                
328             1             136         0          1             *                
329             1             137         0          1             *                
330             1             138         0          1             *                
331             1             139         0          1             *                
332             1             140         0          1             *                
333             1             141         0          1             *                
334             1             142         0          1             *                
335             1             143         0          1             *                
336             1             144         0          1             *                
337             1             145         0          1             *                
338             1             146         0          1             *                
339             1             147         0          1             *                
340             1             148         0          1             *                
341             1             149         0          1             *                
342             1             150         0          1             *                
343             1             151         0          1             *                
344             1             152         0          1             *                
345             1             153         0          1             *                
346             1             154         0          1             *                
347             1             155         0          1             *                
348             1             156         0          1             *                
349             1             157         0          1             *                
350             1             158         0          1             *                
351             1             159         0          1             *                
352             1             160         0          1             *                
353             1             161         0          1             *                
354             1             162         0          1             *                
355             1             163         0          1             *                
356             1             164         0          1             *                
357             1             165         0          1             *                
358             1             166         0          1             *                
359             1             167         0          1             *                
360             1             168         0          1             *                
361             1             169         0          1             *                
362             1             170         0          1             *                
363             1             171         0          1             *                
364             1             172         0          1             *                
365             1             173         0          1             *                
366             1             174         0          1             *                
367             1             175         0          1             *                
368             1             176         0          1             *                
369             1             177         0          1             *                
370             1             178         0          1             *                
371             1             179         0          1             *                
372             1             180         0          1             *                
373             1             181         0          1             *                
374             1             182         0          1             *                
375             1             183         0          1             *                
376             1             184         0          1             *                
377             1             185         0          1             *                
378             1             186         0          1             *                
379             1             187         0          1             *                
380             1             188         0          1             *                
381             1             189         0          1             *                
382             1             190         0          1             *                
383             1             191         0          1             *                
--------------------------------------------------------------------------------
Socket 0:		( 0 192 1 193 2 194 3 195 4 196 5 197 6 198 7 199 8 200 9 201 10 202 11 203 12 204 13 205 14 206 15 207 16 208 17 209 18 210 19 211 20 212 21 213 22 214 23 215 24 216 25 217 26 218 27 219 28 220 29 221 30 222 31 223 32 224 33 225 34 226 35 227 36 228 37 229 38 230 39 231 40 232 41 233 42 234 43 235 44 236 45 237 46 238 47 239 48 240 49 241 50 242 51 243 52 244 53 245 54 246 55 247 56 248 57 249 58 250 59 251 60 252 61 253 62 254 63 255 64 256 65 257 66 258 67 259 68 260 69 261 70 262 71 263 72 264 73 265 74 266 75 267 76 268 77 269 78 270 79 271 80 272 81 273 82 274 83 275 84 276 85 277 86 278 87 279 88 280 89 281 90 282 91 283 92 284 93 285 94 286 95 287 )
Socket 1:		( 96 288 97 289 98 290 99 291 100 292 101 293 102 294 103 295 104 296 105 297 106 298 107 299 108 300 109 301 110 302 111 303 112 304 113 305 114 306 115 307 116 308 117 309 118 310 119 311 120 312 121 313 122 314 123 315 124 316 125 317 126 318 127 319 128 320 129 321 130 322 131 323 132 324 133 325 134 326 135 327 136 328 137 329 138 330 139 331 140 332 141 333 142 334 143 335 144 336 145 337 146 338 147 339 148 340 149 341 150 342 151 343 152 344 153 345 154 346 155 347 156 348 157 349 158 350 159 351 160 352 161 353 162 354 163 355 164 356 165 357 166 358 167 359 168 360 169 361 170 362 171 363 172 364 173 365 174 366 175 367 176 368 177 369 178 370 179 371 180 372 181 373 182 374 183 375 184 376 185 377 186 378 187 379 188 380 189 381 190 382 191 383 )
--------------------------------------------------------------------------------
********************************************************************************
Cache Topology
********************************************************************************
Level:			1
Size:			32 kB
Type:			Data cache
Associativity:		8
Number of sets:		64
Cache line size:	64
Cache type:		Non Inclusive
Shared by threads:	2
Cache groups:		( 0 192 ) ( 1 193 ) ( 2 194 ) ( 3 195 ) ( 4 196 ) ( 5 197 ) ( 6 198 ) ( 7 199 ) ( 8 200 ) ( 9 201 ) ( 10 202 ) ( 11 203 ) ( 12 204 ) ( 13 205 ) ( 14 206 ) ( 15 207 ) ( 16 208 ) ( 17 209 ) ( 18 210 ) ( 19 211 ) ( 20 212 ) ( 21 213 ) ( 22 214 ) ( 23 215 ) ( 24 216 ) ( 25 217 ) ( 26 218 ) ( 27 219 ) ( 28 220 ) ( 29 221 ) ( 30 222 ) ( 31 223 ) ( 32 224 ) ( 33 225 ) ( 34 226 ) ( 35 227 ) ( 36 228 ) ( 37 229 ) ( 38 230 ) ( 39 231 ) ( 40 232 ) ( 41 233 ) ( 42 234 ) ( 43 235 ) ( 44 236 ) ( 45 237 ) ( 46 238 ) ( 47 239 ) ( 48 240 ) ( 49 241 ) ( 50 242 ) ( 51 243 ) ( 52 244 ) ( 53 245 ) ( 54 246 ) ( 55 247 ) ( 56 248 ) ( 57 249 ) ( 58 250 ) ( 59 251 ) ( 60 252 ) ( 61 253 ) ( 62 254 ) ( 63 255 ) ( 64 256 ) ( 65 257 ) ( 66 258 ) ( 67 259 ) ( 68 260 ) ( 69 261 ) ( 70 262 ) ( 71 263 ) ( 72 264 ) ( 73 265 ) ( 74 266 ) ( 75 267 ) ( 76 268 ) ( 77 269 ) ( 78 270 ) ( 79 271 ) ( 80 272 ) ( 81 273 ) ( 82 274 ) ( 83 275 ) ( 84 276 ) ( 85 277 ) ( 86 278 ) ( 87 279 ) ( 88 280 ) ( 89 281 ) ( 90 282 ) ( 91 283 ) ( 92 284 ) ( 93 285 ) ( 94 286 ) ( 95 287 ) ( 96 288 ) ( 97 289 ) ( 98 290 ) ( 99 291 ) ( 100 292 ) ( 101 293 ) ( 102 294 ) ( 103 295 ) ( 104 296 ) ( 105 297 ) ( 106 298 ) ( 107 299 ) ( 108 300 ) ( 109 301 ) ( 110 302 ) ( 111 303 ) ( 112 304 ) ( 113 305 ) ( 114 306 ) ( 115 307 ) ( 116 308 ) ( 117 309 ) ( 118 310 ) ( 119 311 ) ( 120 312 ) ( 121 313 ) ( 122 314 ) ( 123 315 ) ( 124 316 ) ( 125 317 ) ( 126 318 ) ( 127 319 ) ( 128 320 ) ( 129 321 ) ( 130 322 ) ( 131 323 ) ( 132 324 ) ( 133 325 ) ( 134 326 ) ( 135 327 ) ( 136 328 ) ( 137 329 ) ( 138 330 ) ( 139 331 ) ( 140 332 ) ( 141 333 ) ( 142 334 ) ( 143 335 ) ( 144 336 ) ( 145 337 ) ( 146 338 ) ( 147 339 ) ( 148 340 ) ( 149 341 ) ( 150 342 ) ( 151 343 ) ( 152 344 ) ( 153 345 ) ( 154 346 ) ( 155 347 ) ( 156 348 ) ( 157 349 ) ( 158 350 ) ( 159 351 ) ( 160 352 ) ( 161 353 ) ( 162 354 ) ( 163 355 ) ( 164 356 ) ( 165 357 ) ( 166 358 ) ( 167 359 ) ( 168 360 ) ( 169 361 ) ( 170 362 ) ( 171 363 ) ( 172 364 ) ( 173 365 ) ( 174 366 ) ( 175 367 ) ( 176 368 ) ( 177 369 ) ( 178 370 ) ( 179 371 ) ( 180 372 ) ( 181 373 ) ( 182 374 ) ( 183 375 ) ( 184 376 ) ( 185 377 ) ( 186 378 ) ( 187 379 ) ( 188 380 ) ( 189 381 ) ( 190 382 ) ( 191 383 )
--------------------------------------------------------------------------------
Level:			2
Size:			1 MB
Type:			Unified cache
Associativity:		8
Number of sets:		2048
Cache line size:	64
Cache type:		Non Inclusive
Shared by threads:	2
Cache groups:		( 0 192 ) ( 1 193 ) ( 2 194 ) ( 3 195 ) ( 4 196 ) ( 5 197 ) ( 6 198 ) ( 7 199 ) ( 8 200 ) ( 9 201 ) ( 10 202 ) ( 11 203 ) ( 12 204 ) ( 13 205 ) ( 14 206 ) ( 15 207 ) ( 16 208 ) ( 17 209 ) ( 18 210 ) ( 19 211 ) ( 20 212 ) ( 21 213 ) ( 22 214 ) ( 23 215 ) ( 24 216 ) ( 25 217 ) ( 26 218 ) ( 27 219 ) ( 28 220 ) ( 29 221 ) ( 30 222 ) ( 31 223 ) ( 32 224 ) ( 33 225 ) ( 34 226 ) ( 35 227 ) ( 36 228 ) ( 37 229 ) ( 38 230 ) ( 39 231 ) ( 40 232 ) ( 41 233 ) ( 42 234 ) ( 43 235 ) ( 44 236 ) ( 45 237 ) ( 46 238 ) ( 47 239 ) ( 48 240 ) ( 49 241 ) ( 50 242 ) ( 51 243 ) ( 52 244 ) ( 53 245 ) ( 54 246 ) ( 55 247 ) ( 56 248 ) ( 57 249 ) ( 58 250 ) ( 59 251 ) ( 60 252 ) ( 61 253 ) ( 62 254 ) ( 63 255 ) ( 64 256 ) ( 65 257 ) ( 66 258 ) ( 67 259 ) ( 68 260 ) ( 69 261 ) ( 70 262 ) ( 71 263 ) ( 72 264 ) ( 73 265 ) ( 74 266 ) ( 75 267 ) ( 76 268 ) ( 77 269 ) ( 78 270 ) ( 79 271 ) ( 80 272 ) ( 81 273 ) ( 82 274 ) ( 83 275 ) ( 84 276 ) ( 85 277 ) ( 86 278 ) ( 87 279 ) ( 88 280 ) ( 89 281 ) ( 90 282 ) ( 91 283 ) ( 92 284 ) ( 93 285 ) ( 94 286 ) ( 95 287 ) ( 96 288 ) ( 97 289 ) ( 98 290 ) ( 99 291 ) ( 100 292 ) ( 101 293 ) ( 102 294 ) ( 103 295 ) ( 104 296 ) ( 105 297 ) ( 106 298 ) ( 107 299 ) ( 108 300 ) ( 109 301 ) ( 110 302 ) ( 111 303 ) ( 112 304 ) ( 113 305 ) ( 114 306 ) ( 115 307 ) ( 116 308 ) ( 117 309 ) ( 118 310 ) ( 119 311 ) ( 120 312 ) ( 121 313 ) ( 122 314 ) ( 123 315 ) ( 124 316 ) ( 125 317 ) ( 126 318 ) ( 127 319 ) ( 128 320 ) ( 129 321 ) ( 130 322 ) ( 131 323 ) ( 132 324 ) ( 133 325 ) ( 134 326 ) ( 135 327 ) ( 136 328 ) ( 137 329 ) ( 138 330 ) ( 139 331 ) ( 140 332 ) ( 141 333 ) ( 142 334 ) ( 143 335 ) ( 144 336 ) ( 145 337 ) ( 146 338 ) ( 147 339 ) ( 148 340 ) ( 149 341 ) ( 150 342 ) ( 151 343 ) ( 152 344 ) ( 153 345 ) ( 154 346 ) ( 155 347 ) ( 156 348 ) ( 157 349 ) ( 158 350 ) ( 159 351 ) ( 160 352 ) ( 161 353 ) ( 162 354 ) ( 163 355 ) ( 164 356 ) ( 165 357 ) ( 166 358 ) ( 167 359 ) ( 168 360 ) ( 169 361 ) ( 170 362 ) ( 171 363 ) ( 172 364 ) ( 173 365 ) ( 174 366 ) ( 175 367 ) ( 176 368 ) ( 177 369 ) ( 178 370 ) ( 179 371 ) ( 180 372 ) ( 181 373 ) ( 182 374 ) ( 183 375 ) ( 184 376 ) ( 185 377 ) ( 186 378 ) ( 187 379 ) ( 188 380 ) ( 189 381 ) ( 190 382 ) ( 191 383 )
--------------------------------------------------------------------------------
Level:			3
Size:			32 MB
Type:			Unified cache
Associativity:		16
Number of sets:		32768
Cache line size:	64
Cache type:		Non Inclusive
Shared by threads:	16
Cache groups:		( 0 192 1 193 2 194 3 195 4 196 5 197 6 198 7 199 ) ( 8 200 9 201 10 202 11 203 12 204 13 205 14 206 15 207 ) ( 16 208 17 209 18 210 19 211 20 212 21 213 22 214 23 215 ) ( 24 216 25 217 26 218 27 219 28 220 29 221 30 222 31 223 ) ( 32 224 33 225 34 226 35 227 36 228 37 229 38 230 39 231 ) ( 40 232 41 233 42 234 43 235 44 236 45 237 46 238 47 239 ) ( 48 240 49 241 50 242 51 243 52 244 53 245 54 246 55 247 ) ( 56 248 57 249 58 250 59 251 60 252 61 253 62 254 63 255 ) ( 64 256 65 257 66 258 67 259 68 260 69 261 70 262 71 263 ) ( 72 264 73 265 74 266 75 267 76 268 77 269 78 270 79 271 ) ( 80 272 81 273 82 274 83 275 84 276 85 277 86 278 87 279 ) ( 88 280 89 281 90 282 91 283 92 284 93 285 94 286 95 287 ) ( 96 288 97 289 98 290 99 291 100 292 101 293 102 294 103 295 ) ( 104 296 105 297 106 298 107 299 108 300 109 301 110 302 111 303 ) ( 112 304 113 305 114 306 115 307 116 308 117 309 118 310 119 311 ) ( 120 312 121 313 122 314 123 315 124 316 125 317 126 318 127 319 ) ( 128 320 129 321 130 322 131 323 132 324 133 325 134 326 135 327 ) ( 136 328 137 329 138 330 139 331 140 332 141 333 142 334 143 335 ) ( 144 336 145 337 146 338 147 339 148 340 149 341 150 342 151 343 ) ( 152 344 153 345 154 346 155 347 156 348 157 349 158 350 159 351 ) ( 160 352 161 353 162 354 163 355 164 356 165 357 166 358 167 359 ) ( 168 360 169 361 170 362 171 363 172 364 173 365 174 366 175 367 ) ( 176 368 177 369 178 370 179 371 180 372 181 373 182 374 183 375 ) ( 184 376 185 377 186 378 187 379 188 380 189 381 190 382 191 383 )
--------------------------------------------------------------------------------
********************************************************************************
NUMA Topology
********************************************************************************
NUMA domains:		8
--------------------------------------------------------------------------------
Domain:			0
Processors:		( 0 192 1 193 2 194 3 195 4 196 5 197 6 198 7 199 8 200 9 201 10 202 11 203 12 204 13 205 14 206 15 207 16 208 17 209 18 210 19 211 20 212 21 213 22 214 23 215 )
Distances:		10 12 12 12 32 32 32 32
Free memory:		187871 MB
Total memory:		192636 MB
--------------------------------------------------------------------------------
Domain:			1
Processors:		( 24 216 25 217 26 218 27 219 28 220 29 221 30 222 31 223 32 224 33 225 34 226 35 227 36 228 37 229 38 230 39 231 40 232 41 233 42 234 43 235 44 236 45 237 46 238 47 239 )
Distances:		12 10 12 12 32 32 32 32
Free memory:		189340 MB
Total memory:		193524 MB
--------------------------------------------------------------------------------
Domain:			2
Processors:		( 48 240 49 241 50 242 51 243 52 244 53 245 54 246 55 247 56 248 57 249 58 250 59 251 60 252 61 253 62 254 63 255 64 256 65 257 66 258 67 259 68 260 69 261 70 262 71 263 )
Distances:		12 12 10 12 32 32 32 32
Free memory:		189559 MB
Total memory:		193524 MB
--------------------------------------------------------------------------------
Domain:			3
Processors:		( 72 264 73 265 74 266 75 267 76 268 77 269 78 270 79 271 80 272 81 273 82 274 83 275 84 276 85 277 86 278 87 279 88 280 89 281 90 282 91 283 92 284 93 285 94 286 95 287 )
Distances:		12 12 12 10 32 32 32 32
Free memory:		192821 MB
Total memory:		193524 MB
--------------------------------------------------------------------------------
Domain:			4
Processors:		( 96 288 97 289 98 290 99 291 100 292 101 293 102 294 103 295 104 296 105 297 106 298 107 299 108 300 109 301 110 302 111 303 112 304 113 305 114 306 115 307 116 308 117 309 118 310 119 311 )
Distances:		32 32 32 32 10 12 12 12
Free memory:		189176 MB
Total memory:		193478 MB
--------------------------------------------------------------------------------
Domain:			5
Processors:		( 120 312 121 313 122 314 123 315 124 316 125 317 126 318 127 319 128 320 129 321 130 322 131 323 132 324 133 325 134 326 135 327 136 328 137 329 138 330 139 331 140 332 141 333 142 334 143 335 )
Distances:		32 32 32 32 12 10 12 12
Free memory:		189095 MB
Total memory:		193524 MB
--------------------------------------------------------------------------------
Domain:			6
Processors:		( 144 336 145 337 146 338 147 339 148 340 149 341 150 342 151 343 152 344 153 345 154 346 155 347 156 348 157 349 158 350 159 351 160 352 161 353 162 354 163 355 164 356 165 357 166 358 167 359 )
Distances:		32 32 32 32 12 12 10 12
Free memory:		189635 MB
Total memory:		193524 MB
--------------------------------------------------------------------------------
Domain:			7
Processors:		( 168 360 169 361 170 362 171 363 172 364 173 365 174 366 175 367 176 368 177 369 178 370 179 371 180 372 181 373 182 374 183 375 184 376 185 377 186 378 187 379 188 380 189 381 190 382 191 383 )
Distances:		32 32 32 32 12 12 12 10
Free memory:		189300 MB
Total memory:		193450 MB
--------------------------------------------------------------------------------


********************************************************************************
Graphical Topology
********************************************************************************
Socket 0:
+-------------------------------------------------------------------------------------------------------------------------------------------------------------------------------------------------------------------------------------------------------------------------------------------------------------------------------------------------------------------------------------------------------------------------------------------------------------------------------------------------------------------------------------------------------------------------------------------------------------------------------------------------------------------------------------------------------------------------------------------------------------------------------------------------------------------------------------------------------------------------------------------------------------------------------------------------------------------------------------------------------------------------------------------------------------------------------------------------------------------------------------------------------------------------------------------------+
| +---------+ +---------+ +---------+ +---------+ +---------+ +---------+ +---------+ +---------+ +---------+ +---------+ +---------+ +---------+ +---------+ +---------+ +---------+ +---------+ +---------+ +---------+ +---------+ +---------+ +---------+ +---------+ +---------+ +---------+ +---------+ +---------+ +---------+ +---------+ +---------+ +---------+ +---------+ +---------+ +---------+ +---------+ +---------+ +---------+ +---------+ +---------+ +---------+ +---------+ +---------+ +---------+ +---------+ +---------+ +---------+ +---------+ +---------+ +---------+ +---------+ +---------+ +---------+ +---------+ +---------+ +---------+ +---------+ +---------+ +---------+ +---------+ +---------+ +---------+ +---------+ +---------+ +---------+ +---------+ +---------+ +---------+ +---------+ +---------+ +---------+ +---------+ +---------+ +---------+ +---------+ +---------+ +---------+ +---------+ +---------+ +---------+ +---------+ +---------+ +---------+ +---------+ +---------+ +---------+ +---------+ +---------+ +---------+ +---------+ +---------+ +---------+ +---------+ +---------+ +---------+ +---------+ +---------+ +---------+ |
| |  0 192  | |  1 193  | |  2 194  | |  3 195  | |  4 196  | |  5 197  | |  6 198  | |  7 199  | |  8 200  | |  9 201  | | 10 202  | | 11 203  | | 12 204  | | 13 205  | | 14 206  | | 15 207  | | 16 208  | | 17 209  | | 18 210  | | 19 211  | | 20 212  | | 21 213  | | 22 214  | | 23 215  | | 24 216  | | 25 217  | | 26 218  | | 27 219  | | 28 220  | | 29 221  | | 30 222  | | 31 223  | | 32 224  | | 33 225  | | 34 226  | | 35 227  | | 36 228  | | 37 229  | | 38 230  | | 39 231  | | 40 232  | | 41 233  | | 42 234  | | 43 235  | | 44 236  | | 45 237  | | 46 238  | | 47 239  | | 48 240  | | 49 241  | | 50 242  | | 51 243  | | 52 244  | | 53 245  | | 54 246  | | 55 247  | | 56 248  | | 57 249  | | 58 250  | | 59 251  | | 60 252  | | 61 253  | | 62 254  | | 63 255  | | 64 256  | | 65 257  | | 66 258  | | 67 259  | | 68 260  | | 69 261  | | 70 262  | | 71 263  | | 72 264  | | 73 265  | | 74 266  | | 75 267  | | 76 268  | | 77 269  | | 78 270  | | 79 271  | | 80 272  | | 81 273  | | 82 274  | | 83 275  | | 84 276  | | 85 277  | | 86 278  | | 87 279  | | 88 280  | | 89 281  | | 90 282  | | 91 283  | | 92 284  | | 93 285  | | 94 286  | | 95 287  | |
| +---------+ +---------+ +---------+ +---------+ +---------+ +---------+ +---------+ +---------+ +---------+ +---------+ +---------+ +---------+ +---------+ +---------+ +---------+ +---------+ +---------+ +---------+ +---------+ +---------+ +---------+ +---------+ +---------+ +---------+ +---------+ +---------+ +---------+ +---------+ +---------+ +---------+ +---------+ +---------+ +---------+ +---------+ +---------+ +---------+ +---------+ +---------+ +---------+ +---------+ +---------+ +---------+ +---------+ +---------+ +---------+ +---------+ +---------+ +---------+ +---------+ +---------+ +---------+ +---------+ +---------+ +---------+ +---------+ +---------+ +---------+ +---------+ +---------+ +---------+ +---------+ +---------+ +---------+ +---------+ +---------+ +---------+ +---------+ +---------+ +---------+ +---------+ +---------+ +---------+ +---------+ +---------+ +---------+ +---------+ +---------+ +---------+ +---------+ +---------+ +---------+ +---------+ +---------+ +---------+ +---------+ +---------+ +---------+ +---------+ +---------+ +---------+ +---------+ +---------+ +---------+ +---------+ +---------+ +---------+ |
| +---------+ +---------+ +---------+ +---------+ +---------+ +---------+ +---------+ +---------+ +---------+ +---------+ +---------+ +---------+ +---------+ +---------+ +---------+ +---------+ +---------+ +---------+ +---------+ +---------+ +---------+ +---------+ +---------+ +---------+ +---------+ +---------+ +---------+ +---------+ +---------+ +---------+ +---------+ +---------+ +---------+ +---------+ +---------+ +---------+ +---------+ +---------+ +---------+ +---------+ +---------+ +---------+ +---------+ +---------+ +---------+ +---------+ +---------+ +---------+ +---------+ +---------+ +---------+ +---------+ +---------+ +---------+ +---------+ +---------+ +---------+ +---------+ +---------+ +---------+ +---------+ +---------+ +---------+ +---------+ +---------+ +---------+ +---------+ +---------+ +---------+ +---------+ +---------+ +---------+ +---------+ +---------+ +---------+ +---------+ +---------+ +---------+ +---------+ +---------+ +---------+ +---------+ +---------+ +---------+ +---------+ +---------+ +---------+ +---------+ +---------+ +---------+ +---------+ +---------+ +---------+ +---------+ +---------+ +---------+ |
| |  32 kB  | |  32 kB  | |  32 kB  | |  32 kB  | |  32 kB  | |  32 kB  | |  32 kB  | |  32 kB  | |  32 kB  | |  32 kB  | |  32 kB  | |  32 kB  | |  32 kB  | |  32 kB  | |  32 kB  | |  32 kB  | |  32 kB  | |  32 kB  | |  32 kB  | |  32 kB  | |  32 kB  | |  32 kB  | |  32 kB  | |  32 kB  | |  32 kB  | |  32 kB  | |  32 kB  | |  32 kB  | |  32 kB  | |  32 kB  | |  32 kB  | |  32 kB  | |  32 kB  | |  32 kB  | |  32 kB  | |  32 kB  | |  32 kB  | |  32 kB  | |  32 kB  | |  32 kB  | |  32 kB  | |  32 kB  | |  32 kB  | |  32 kB  | |  32 kB  | |  32 kB  | |  32 kB  | |  32 kB  | |  32 kB  | |  32 kB  | |  32 kB  | |  32 kB  | |  32 kB  | |  32 kB  | |  32 kB  | |  32 kB  | |  32 kB  | |  32 kB  | |  32 kB  | |  32 kB  | |  32 kB  | |  32 kB  | |  32 kB  | |  32 kB  | |  32 kB  | |  32 kB  | |  32 kB  | |  32 kB  | |  32 kB  | |  32 kB  | |  32 kB  | |  32 kB  | |  32 kB  | |  32 kB  | |  32 kB  | |  32 kB  | |  32 kB  | |  32 kB  | |  32 kB  | |  32 kB  | |  32 kB  | |  32 kB  | |  32 kB  | |  32 kB  | |  32 kB  | |  32 kB  | |  32 kB  | |  32 kB  | |  32 kB  | |  32 kB  | |  32 kB  | |  32 kB  | |  32 kB  | |  32 kB  | |  32 kB  | |  32 kB  | |
| +---------+ +---------+ +---------+ +---------+ +---------+ +---------+ +---------+ +---------+ +---------+ +---------+ +---------+ +---------+ +---------+ +---------+ +---------+ +---------+ +---------+ +---------+ +---------+ +---------+ +---------+ +---------+ +---------+ +---------+ +---------+ +---------+ +---------+ +---------+ +---------+ +---------+ +---------+ +---------+ +---------+ +---------+ +---------+ +---------+ +---------+ +---------+ +---------+ +---------+ +---------+ +---------+ +---------+ +---------+ +---------+ +---------+ +---------+ +---------+ +---------+ +---------+ +---------+ +---------+ +---------+ +---------+ +---------+ +---------+ +---------+ +---------+ +---------+ +---------+ +---------+ +---------+ +---------+ +---------+ +---------+ +---------+ +---------+ +---------+ +---------+ +---------+ +---------+ +---------+ +---------+ +---------+ +---------+ +---------+ +---------+ +---------+ +---------+ +---------+ +---------+ +---------+ +---------+ +---------+ +---------+ +---------+ +---------+ +---------+ +---------+ +---------+ +---------+ +---------+ +---------+ +---------+ +---------+ +---------+ |
| +---------+ +---------+ +---------+ +---------+ +---------+ +---------+ +---------+ +---------+ +---------+ +---------+ +---------+ +---------+ +---------+ +---------+ +---------+ +---------+ +---------+ +---------+ +---------+ +---------+ +---------+ +---------+ +---------+ +---------+ +---------+ +---------+ +---------+ +---------+ +---------+ +---------+ +---------+ +---------+ +---------+ +---------+ +---------+ +---------+ +---------+ +---------+ +---------+ +---------+ +---------+ +---------+ +---------+ +---------+ +---------+ +---------+ +---------+ +---------+ +---------+ +---------+ +---------+ +---------+ +---------+ +---------+ +---------+ +---------+ +---------+ +---------+ +---------+ +---------+ +---------+ +---------+ +---------+ +---------+ +---------+ +---------+ +---------+ +---------+ +---------+ +---------+ +---------+ +---------+ +---------+ +---------+ +---------+ +---------+ +---------+ +---------+ +---------+ +---------+ +---------+ +---------+ +---------+ +---------+ +---------+ +---------+ +---------+ +---------+ +---------+ +---------+ +---------+ +---------+ +---------+ +---------+ +---------+ +---------+ |
| |   1 MB  | |   1 MB  | |   1 MB  | |   1 MB  | |   1 MB  | |   1 MB  | |   1 MB  | |   1 MB  | |   1 MB  | |   1 MB  | |   1 MB  | |   1 MB  | |   1 MB  | |   1 MB  | |   1 MB  | |   1 MB  | |   1 MB  | |   1 MB  | |   1 MB  | |   1 MB  | |   1 MB  | |   1 MB  | |   1 MB  | |   1 MB  | |   1 MB  | |   1 MB  | |   1 MB  | |   1 MB  | |   1 MB  | |   1 MB  | |   1 MB  | |   1 MB  | |   1 MB  | |   1 MB  | |   1 MB  | |   1 MB  | |   1 MB  | |   1 MB  | |   1 MB  | |   1 MB  | |   1 MB  | |   1 MB  | |   1 MB  | |   1 MB  | |   1 MB  | |   1 MB  | |   1 MB  | |   1 MB  | |   1 MB  | |   1 MB  | |   1 MB  | |   1 MB  | |   1 MB  | |   1 MB  | |   1 MB  | |   1 MB  | |   1 MB  | |   1 MB  | |   1 MB  | |   1 MB  | |   1 MB  | |   1 MB  | |   1 MB  | |   1 MB  | |   1 MB  | |   1 MB  | |   1 MB  | |   1 MB  | |   1 MB  | |   1 MB  | |   1 MB  | |   1 MB  | |   1 MB  | |   1 MB  | |   1 MB  | |   1 MB  | |   1 MB  | |   1 MB  | |   1 MB  | |   1 MB  | |   1 MB  | |   1 MB  | |   1 MB  | |   1 MB  | |   1 MB  | |   1 MB  | |   1 MB  | |   1 MB  | |   1 MB  | |   1 MB  | |   1 MB  | |   1 MB  | |   1 MB  | |   1 MB  | |   1 MB  | |   1 MB  | |
| +---------+ +---------+ +---------+ +---------+ +---------+ +---------+ +---------+ +---------+ +---------+ +---------+ +---------+ +---------+ +---------+ +---------+ +---------+ +---------+ +---------+ +---------+ +---------+ +---------+ +---------+ +---------+ +---------+ +---------+ +---------+ +---------+ +---------+ +---------+ +---------+ +---------+ +---------+ +---------+ +---------+ +---------+ +---------+ +---------+ +---------+ +---------+ +---------+ +---------+ +---------+ +---------+ +---------+ +---------+ +---------+ +---------+ +---------+ +---------+ +---------+ +---------+ +---------+ +---------+ +---------+ +---------+ +---------+ +---------+ +---------+ +---------+ +---------+ +---------+ +---------+ +---------+ +---------+ +---------+ +---------+ +---------+ +---------+ +---------+ +---------+ +---------+ +---------+ +---------+ +---------+ +---------+ +---------+ +---------+ +---------+ +---------+ +---------+ +---------+ +---------+ +---------+ +---------+ +---------+ +---------+ +---------+ +---------+ +---------+ +---------+ +---------+ +---------+ +---------+ +---------+ +---------+ +---------+ +---------+ |
| +---------------------------------------------------------------------------------------------+ +---------------------------------------------------------------------------------------------+ +---------------------------------------------------------------------------------------------+ +---------------------------------------------------------------------------------------------+ +---------------------------------------------------------------------------------------------+ +---------------------------------------------------------------------------------------------+ +---------------------------------------------------------------------------------------------+ +---------------------------------------------------------------------------------------------+ +---------------------------------------------------------------------------------------------+ +---------------------------------------------------------------------------------------------+ +---------------------------------------------------------------------------------------------+ +---------------------------------------------------------------------------------------------+ |
| |                                            32 MB                                            | |                                            32 MB                                            | |                                            32 MB                                            | |                                            32 MB                                            | |                                            32 MB                                            | |                                            32 MB                                            | |                                            32 MB                                            | |                                            32 MB                                            | |                                            32 MB                                            | |                                            32 MB                                            | |                                            32 MB                                            | |                                            32 MB                                            | |
| +---------------------------------------------------------------------------------------------+ +---------------------------------------------------------------------------------------------+ +---------------------------------------------------------------------------------------------+ +---------------------------------------------------------------------------------------------+ +---------------------------------------------------------------------------------------------+ +---------------------------------------------------------------------------------------------+ +---------------------------------------------------------------------------------------------+ +---------------------------------------------------------------------------------------------+ +---------------------------------------------------------------------------------------------+ +---------------------------------------------------------------------------------------------+ +---------------------------------------------------------------------------------------------+ +---------------------------------------------------------------------------------------------+ |
+-------------------------------------------------------------------------------------------------------------------------------------------------------------------------------------------------------------------------------------------------------------------------------------------------------------------------------------------------------------------------------------------------------------------------------------------------------------------------------------------------------------------------------------------------------------------------------------------------------------------------------------------------------------------------------------------------------------------------------------------------------------------------------------------------------------------------------------------------------------------------------------------------------------------------------------------------------------------------------------------------------------------------------------------------------------------------------------------------------------------------------------------------------------------------------------------------+
Socket 1:
+-------------------------------------------------------------------------------------------------------------------------------------------------------------------------------------------------------------------------------------------------------------------------------------------------------------------------------------------------------------------------------------------------------------------------------------------------------------------------------------------------------------------------------------------------------------------------------------------------------------------------------------------------------------------------------------------------------------------------------------------------------------------------------------------------------------------------------------------------------------------------------------------------------------------------------------------------------------------------------------------------------------------------------------------------------------------------------------------------------------------------------------------------------------------------------------------------------------------------------------------------------------------------------------------------+
| +----------+ +----------+ +----------+ +----------+ +----------+ +----------+ +----------+ +----------+ +----------+ +----------+ +----------+ +----------+ +----------+ +----------+ +----------+ +----------+ +----------+ +----------+ +----------+ +----------+ +----------+ +----------+ +----------+ +----------+ +----------+ +----------+ +----------+ +----------+ +----------+ +----------+ +----------+ +----------+ +----------+ +----------+ +----------+ +----------+ +----------+ +----------+ +----------+ +----------+ +----------+ +----------+ +----------+ +----------+ +----------+ +----------+ +----------+ +----------+ +----------+ +----------+ +----------+ +----------+ +----------+ +----------+ +----------+ +----------+ +----------+ +----------+ +----------+ +----------+ +----------+ +----------+ +----------+ +----------+ +----------+ +----------+ +----------+ +----------+ +----------+ +----------+ +----------+ +----------+ +----------+ +----------+ +----------+ +----------+ +----------+ +----------+ +----------+ +----------+ +----------+ +----------+ +----------+ +----------+ +----------+ +----------+ +----------+ +----------+ +----------+ +----------+ +----------+ +----------+ +----------+ +----------+ +----------+ +----------+ |
| |  96 288  | |  97 289  | |  98 290  | |  99 291  | | 100 292  | | 101 293  | | 102 294  | | 103 295  | | 104 296  | | 105 297  | | 106 298  | | 107 299  | | 108 300  | | 109 301  | | 110 302  | | 111 303  | | 112 304  | | 113 305  | | 114 306  | | 115 307  | | 116 308  | | 117 309  | | 118 310  | | 119 311  | | 120 312  | | 121 313  | | 122 314  | | 123 315  | | 124 316  | | 125 317  | | 126 318  | | 127 319  | | 128 320  | | 129 321  | | 130 322  | | 131 323  | | 132 324  | | 133 325  | | 134 326  | | 135 327  | | 136 328  | | 137 329  | | 138 330  | | 139 331  | | 140 332  | | 141 333  | | 142 334  | | 143 335  | | 144 336  | | 145 337  | | 146 338  | | 147 339  | | 148 340  | | 149 341  | | 150 342  | | 151 343  | | 152 344  | | 153 345  | | 154 346  | | 155 347  | | 156 348  | | 157 349  | | 158 350  | | 159 351  | | 160 352  | | 161 353  | | 162 354  | | 163 355  | | 164 356  | | 165 357  | | 166 358  | | 167 359  | | 168 360  | | 169 361  | | 170 362  | | 171 363  | | 172 364  | | 173 365  | | 174 366  | | 175 367  | | 176 368  | | 177 369  | | 178 370  | | 179 371  | | 180 372  | | 181 373  | | 182 374  | | 183 375  | | 184 376  | | 185 377  | | 186 378  | | 187 379  | | 188 380  | | 189 381  | | 190 382  | | 191 383  | |
| +----------+ +----------+ +----------+ +----------+ +----------+ +----------+ +----------+ +----------+ +----------+ +----------+ +----------+ +----------+ +----------+ +----------+ +----------+ +----------+ +----------+ +----------+ +----------+ +----------+ +----------+ +----------+ +----------+ +----------+ +----------+ +----------+ +----------+ +----------+ +----------+ +----------+ +----------+ +----------+ +----------+ +----------+ +----------+ +----------+ +----------+ +----------+ +----------+ +----------+ +----------+ +----------+ +----------+ +----------+ +----------+ +----------+ +----------+ +----------+ +----------+ +----------+ +----------+ +----------+ +----------+ +----------+ +----------+ +----------+ +----------+ +----------+ +----------+ +----------+ +----------+ +----------+ +----------+ +----------+ +----------+ +----------+ +----------+ +----------+ +----------+ +----------+ +----------+ +----------+ +----------+ +----------+ +----------+ +----------+ +----------+ +----------+ +----------+ +----------+ +----------+ +----------+ +----------+ +----------+ +----------+ +----------+ +----------+ +----------+ +----------+ +----------+ +----------+ +----------+ +----------+ +----------+ +----------+ +----------+ |
| +----------+ +----------+ +----------+ +----------+ +----------+ +----------+ +----------+ +----------+ +----------+ +----------+ +----------+ +----------+ +----------+ +----------+ +----------+ +----------+ +----------+ +----------+ +----------+ +----------+ +----------+ +----------+ +----------+ +----------+ +----------+ +----------+ +----------+ +----------+ +----------+ +----------+ +----------+ +----------+ +----------+ +----------+ +----------+ +----------+ +----------+ +----------+ +----------+ +----------+ +----------+ +----------+ +----------+ +----------+ +----------+ +----------+ +----------+ +----------+ +----------+ +----------+ +----------+ +----------+ +----------+ +----------+ +----------+ +----------+ +----------+ +----------+ +----------+ +----------+ +----------+ +----------+ +----------+ +----------+ +----------+ +----------+ +----------+ +----------+ +----------+ +----------+ +----------+ +----------+ +----------+ +----------+ +----------+ +----------+ +----------+ +----------+ +----------+ +----------+ +----------+ +----------+ +----------+ +----------+ +----------+ +----------+ +----------+ +----------+ +----------+ +----------+ +----------+ +----------+ +----------+ +----------+ +----------+ +----------+ |
| |   32 kB  | |   32 kB  | |   32 kB  | |   32 kB  | |   32 kB  | |   32 kB  | |   32 kB  | |   32 kB  | |   32 kB  | |   32 kB  | |   32 kB  | |   32 kB  | |   32 kB  | |   32 kB  | |   32 kB  | |   32 kB  | |   32 kB  | |   32 kB  | |   32 kB  | |   32 kB  | |   32 kB  | |   32 kB  | |   32 kB  | |   32 kB  | |   32 kB  | |   32 kB  | |   32 kB  | |   32 kB  | |   32 kB  | |   32 kB  | |   32 kB  | |   32 kB  | |   32 kB  | |   32 kB  | |   32 kB  | |   32 kB  | |   32 kB  | |   32 kB  | |   32 kB  | |   32 kB  | |   32 kB  | |   32 kB  | |   32 kB  | |   32 kB  | |   32 kB  | |   32 kB  | |   32 kB  | |   32 kB  | |   32 kB  | |   32 kB  | |   32 kB  | |   32 kB  | |   32 kB  | |   32 kB  | |   32 kB  | |   32 kB  | |   32 kB  | |   32 kB  | |   32 kB  | |   32 kB  | |   32 kB  | |   32 kB  | |   32 kB  | |   32 kB  | |   32 kB  | |   32 kB  | |   32 kB  | |   32 kB  | |   32 kB  | |   32 kB  | |   32 kB  | |   32 kB  | |   32 kB  | |   32 kB  | |   32 kB  | |   32 kB  | |   32 kB  | |   32 kB  | |   32 kB  | |   32 kB  | |   32 kB  | |   32 kB  | |   32 kB  | |   32 kB  | |   32 kB  | |   32 kB  | |   32 kB  | |   32 kB  | |   32 kB  | |   32 kB  | |   32 kB  | |   32 kB  | |   32 kB  | |   32 kB  | |   32 kB  | |   32 kB  | |
| +----------+ +----------+ +----------+ +----------+ +----------+ +----------+ +----------+ +----------+ +----------+ +----------+ +----------+ +----------+ +----------+ +----------+ +----------+ +----------+ +----------+ +----------+ +----------+ +----------+ +----------+ +----------+ +----------+ +----------+ +----------+ +----------+ +----------+ +----------+ +----------+ +----------+ +----------+ +----------+ +----------+ +----------+ +----------+ +----------+ +----------+ +----------+ +----------+ +----------+ +----------+ +----------+ +----------+ +----------+ +----------+ +----------+ +----------+ +----------+ +----------+ +----------+ +----------+ +----------+ +----------+ +----------+ +----------+ +----------+ +----------+ +----------+ +----------+ +----------+ +----------+ +----------+ +----------+ +----------+ +----------+ +----------+ +----------+ +----------+ +----------+ +----------+ +----------+ +----------+ +----------+ +----------+ +----------+ +----------+ +----------+ +----------+ +----------+ +----------+ +----------+ +----------+ +----------+ +----------+ +----------+ +----------+ +----------+ +----------+ +----------+ +----------+ +----------+ +----------+ +----------+ +----------+ +----------+ +----------+ |
| +----------+ +----------+ +----------+ +----------+ +----------+ +----------+ +----------+ +----------+ +----------+ +----------+ +----------+ +----------+ +----------+ +----------+ +----------+ +----------+ +----------+ +----------+ +----------+ +----------+ +----------+ +----------+ +----------+ +----------+ +----------+ +----------+ +----------+ +----------+ +----------+ +----------+ +----------+ +----------+ +----------+ +----------+ +----------+ +----------+ +----------+ +----------+ +----------+ +----------+ +----------+ +----------+ +----------+ +----------+ +----------+ +----------+ +----------+ +----------+ +----------+ +----------+ +----------+ +----------+ +----------+ +----------+ +----------+ +----------+ +----------+ +----------+ +----------+ +----------+ +----------+ +----------+ +----------+ +----------+ +----------+ +----------+ +----------+ +----------+ +----------+ +----------+ +----------+ +----------+ +----------+ +----------+ +----------+ +----------+ +----------+ +----------+ +----------+ +----------+ +----------+ +----------+ +----------+ +----------+ +----------+ +----------+ +----------+ +----------+ +----------+ +----------+ +----------+ +----------+ +----------+ +----------+ +----------+ +----------+ |
| |   1 MB   | |   1 MB   | |   1 MB   | |   1 MB   | |   1 MB   | |   1 MB   | |   1 MB   | |   1 MB   | |   1 MB   | |   1 MB   | |   1 MB   | |   1 MB   | |   1 MB   | |   1 MB   | |   1 MB   | |   1 MB   | |   1 MB   | |   1 MB   | |   1 MB   | |   1 MB   | |   1 MB   | |   1 MB   | |   1 MB   | |   1 MB   | |   1 MB   | |   1 MB   | |   1 MB   | |   1 MB   | |   1 MB   | |   1 MB   | |   1 MB   | |   1 MB   | |   1 MB   | |   1 MB   | |   1 MB   | |   1 MB   | |   1 MB   | |   1 MB   | |   1 MB   | |   1 MB   | |   1 MB   | |   1 MB   | |   1 MB   | |   1 MB   | |   1 MB   | |   1 MB   | |   1 MB   | |   1 MB   | |   1 MB   | |   1 MB   | |   1 MB   | |   1 MB   | |   1 MB   | |   1 MB   | |   1 MB   | |   1 MB   | |   1 MB   | |   1 MB   | |   1 MB   | |   1 MB   | |   1 MB   | |   1 MB   | |   1 MB   | |   1 MB   | |   1 MB   | |   1 MB   | |   1 MB   | |   1 MB   | |   1 MB   | |   1 MB   | |   1 MB   | |   1 MB   | |   1 MB   | |   1 MB   | |   1 MB   | |   1 MB   | |   1 MB   | |   1 MB   | |   1 MB   | |   1 MB   | |   1 MB   | |   1 MB   | |   1 MB   | |   1 MB   | |   1 MB   | |   1 MB   | |   1 MB   | |   1 MB   | |   1 MB   | |   1 MB   | |   1 MB   | |   1 MB   | |   1 MB   | |   1 MB   | |   1 MB   | |   1 MB   | |
| +----------+ +----------+ +----------+ +----------+ +----------+ +----------+ +----------+ +----------+ +----------+ +----------+ +----------+ +----------+ +----------+ +----------+ +----------+ +----------+ +----------+ +----------+ +----------+ +----------+ +----------+ +----------+ +----------+ +----------+ +----------+ +----------+ +----------+ +----------+ +----------+ +----------+ +----------+ +----------+ +----------+ +----------+ +----------+ +----------+ +----------+ +----------+ +----------+ +----------+ +----------+ +----------+ +----------+ +----------+ +----------+ +----------+ +----------+ +----------+ +----------+ +----------+ +----------+ +----------+ +----------+ +----------+ +----------+ +----------+ +----------+ +----------+ +----------+ +----------+ +----------+ +----------+ +----------+ +----------+ +----------+ +----------+ +----------+ +----------+ +----------+ +----------+ +----------+ +----------+ +----------+ +----------+ +----------+ +----------+ +----------+ +----------+ +----------+ +----------+ +----------+ +----------+ +----------+ +----------+ +----------+ +----------+ +----------+ +----------+ +----------+ +----------+ +----------+ +----------+ +----------+ +----------+ +----------+ +----------+ |
| +-----------------------------------------------------------------------------------------------------+ +-----------------------------------------------------------------------------------------------------+ +-----------------------------------------------------------------------------------------------------+ +-----------------------------------------------------------------------------------------------------+ +-----------------------------------------------------------------------------------------------------+ +-----------------------------------------------------------------------------------------------------+ +-----------------------------------------------------------------------------------------------------+ +-----------------------------------------------------------------------------------------------------+ +-----------------------------------------------------------------------------------------------------+ +-----------------------------------------------------------------------------------------------------+ +-----------------------------------------------------------------------------------------------------+ +-----------------------------------------------------------------------------------------------------+ |
| |                                                32 MB                                                | |                                                32 MB                                                | |                                                32 MB                                                | |                                                32 MB                                                | |                                                32 MB                                                | |                                                32 MB                                                | |                                                32 MB                                                | |                                                32 MB                                                | |                                                32 MB                                                | |                                                32 MB                                                | |                                                32 MB                                                | |                                                32 MB                                                | |
| +-----------------------------------------------------------------------------------------------------+ +-----------------------------------------------------------------------------------------------------+ +-----------------------------------------------------------------------------------------------------+ +-----------------------------------------------------------------------------------------------------+ +-----------------------------------------------------------------------------------------------------+ +-----------------------------------------------------------------------------------------------------+ +-----------------------------------------------------------------------------------------------------+ +-----------------------------------------------------------------------------------------------------+ +-----------------------------------------------------------------------------------------------------+ +-----------------------------------------------------------------------------------------------------+ +-----------------------------------------------------------------------------------------------------+ +-----------------------------------------------------------------------------------------------------+ |
+-------------------------------------------------------------------------------------------------------------------------------------------------------------------------------------------------------------------------------------------------------------------------------------------------------------------------------------------------------------------------------------------------------------------------------------------------------------------------------------------------------------------------------------------------------------------------------------------------------------------------------------------------------------------------------------------------------------------------------------------------------------------------------------------------------------------------------------------------------------------------------------------------------------------------------------------------------------------------------------------------------------------------------------------------------------------------------------------------------------------------------------------------------------------------------------------------------------------------------------------------------------------------------------------------+

===== likwid-perfctr --version =====
likwid-perfctr -- Version 5.5.1 (commit: 0123456789)

===== cpupower frequency-info =====
analyzing CPU 311:
  driver: acpi-cpufreq
  CPUs which run at the same hardware frequency: 311
  CPUs which need to have their frequency coordinated by software: 311
  maximum transition latency:  Cannot determine or is not supported.
  hardware limits: 1.50 GHz - 3.71 GHz
  available frequency steps:  2.40 GHz, 1.90 GHz, 1.50 GHz
  available cpufreq governors: conservative ondemand userspace powersave performance schedutil
  current policy: frequency should be within 1.50 GHz and 2.40 GHz.
                  The governor "performance" may decide which speed to use
                  within this range.
  current CPU frequency: 3.69 GHz (asserted by call to kernel)
  boost state support:
    Supported: yes
    Active: no

===== likwid-bench -a =====
clcopy - Double-precision cache line copy, only touches first element of each cache line.
clload - Double-precision cache line load, only loads first element of each cache line.
clstore - Double-precision cache line store, only stores first element of each cache line.
copy - Double-precision vector copy, only scalar operations
copy_avx - Double-precision vector copy, optimized for AVX
copy_avx512 - Double-precision vector copy, optimized for AVX-512
copy_mem - Double-precision vector copy, only scalar operations but with non-temporal stores
copy_mem_avx - Double-precision vector copy, uses AVX and non-temporal stores
copy_mem_avx512 - Double-precision vector copy, uses AVX-512 and non-temporal stores
copy_mem_sse - Double-precision vector copy, uses SSE and non-temporal stores
copy_sse - Double-precision vector copy, optimized for SSE
daxpy - Double-precision linear combination of two vectors, only scalar operations
daxpy_avx - Double-precision linear combination of two vectors, optimized for AVX
daxpy_avx512 - Double-precision linear combination of two vectors, optimized for AVX-512
daxpy_avx512_fma - Double-precision linear combination of two vectors, optimized for AVX-512 FMAs
daxpy_avx_fma - Double-precision linear combination of two vectors, optimized for AVX FMAs
daxpy_mem_avx - Double-precision linear combination of two vectors, optimized for AVX and non-temporal stores (Just for architectural research)
daxpy_mem_avx512 - Double-precision linear combination of two vectors, optimized for AVX-512 and non-temporal stores
daxpy_mem_avx512_fma - Double-precision linear combination of two vectors, optimized for AVX-512 FMAs and non-temporal stores (Just for architectural research)
daxpy_mem_avx_fma - Double-precision linear combination of two vectors, optimized for AVX FMAs and non-temporal stores (Just for architectural research)
daxpy_mem_sse - Double-precision linear combination of two vectors, optimized for SSE and non-temporal stores (Just for architectural research)
daxpy_mem_sse_fma - Double-precision linear combination of two vectors, optimized for SSE FMAs and non temporal stores (Just for architectural research)
daxpy_sp - Single-precision linear combination of two vectors, only scalar operations
daxpy_sp_avx - Single-precision linear combination of two vectors, optimized for AVX
daxpy_sp_avx512 - Single-precision linear combination of two vectors, optimized for AVX-512
daxpy_sp_avx512_fma - Single-precision linear combination of two vectors, optimized for AVX-512 FMAs
daxpy_sp_avx_fma - Single-precision linear combination of two vectors, optimized for AVX FMAs
daxpy_sp_mem_avx - Single-precision linear combination of two vectors, optimized for AVX and non-temporal stores (Just for architectural research)
daxpy_sp_mem_avx512 - Single-precision linear combination of two vectors, optimized for AVX-512 and non-temporal stores (Just for architectural research)
daxpy_sp_mem_avx512_fma - Single-precision linear combination of two vectors, optimized for AVX-512 FMAs and non-temporal stores (Just for architectural research)
daxpy_sp_mem_avx_fma - Single-precision linear combination of two vectors, optimized for AVX FMAs and non-temporal stores (Just for architectural research)
daxpy_sp_mem_sse - Single-precision linear combination of two vectors, optimized for SSE and non-temporal stores (Just for architectural research)
daxpy_sp_mem_sse_fma - Single-precision linear combination of two vectors, optimized for SSE FMAs and non-temporal stores (Just for architectural research)
daxpy_sp_sse - Single-precision linear combination of two vectors, optimized for SSE
daxpy_sp_sse_fma - Single-precision linear combination of two vectors, optimized for SSE FMAs
daxpy_sse - Double-precision linear combination of two vectors, optimized for SSE
daxpy_sse_fma - Double-precision linear combination of two vectors, optimized for SSE FMAs
ddot - Double-precision dot product of two vectors, only scalar operations
ddot_avx - Double-precision dot product of two vectors, optimized for AVX
ddot_avx512 - Double-precision dot product of two vectors, optimized for AVX-512
ddot_sp - Single-precision dot product of two vectors, only scalar operations
ddot_sp_avx - Single-precision dot product of two vectors, optimized for AVX
ddot_sp_avx512 - Single-precision dot product of two vectors, optimized for AVX-512
ddot_sp_sse - Single-precision dot product of two vectors, optimized for SSE
ddot_sse - Double-precision dot product of two vectors, optimized for SSE
divide - Double-precision vector update, only scalar operations
load - Double-precision load, only scalar operations
load_avx - Double-precision load, optimized for AVX
load_avx512 - Double-precision load, optimized for AVX-512
load_mem - Double-precision load, using non-temporal loads
load_sse - Double-precision load, optimized for SSE
peakflops - Double-precision multiplications and additions with a single load, only scalar operations
peakflops_amd_zen_avx512_fma_add - Double-precision FMA and ADD with a single load. Designed for architectures that can perform AVX-512 FMA and AVX ADD simultaneously.
peakflops_amd_zen_avx_fma_add - Double-precision FMA and ADD with a single load. Designed for architectures that can perform AVX2 FMA and AVX ADD simultaneously.
peakflops_avx - Double-precision multiplications and additions with a single load, optimized for AVX
peakflops_avx512 - Double-precision multiplications and additions with a single load, optimized for AVX-512
peakflops_avx512_fma - Double-precision multiplications and additions with a single load, optimized for AVX-512 FMAs
peakflops_avx_fma - Double-precision multiplications and additions with a single load, optimized for AVX FMAs
peakflops_sp - Single-precision multiplications and additions with a single load, only scalar operations
peakflops_sp_avx - Single-precision multiplications and additions with a single load, optimized for AVX
peakflops_sp_avx512 - Single-precision multiplications and additions with a single load, optimized for AVX-512
peakflops_sp_avx512_fma - Single-precision multiplications and additions with a single load, optimized for AVX-512 FMAs
peakflops_sp_avx_fma - Single-precision multiplications and additions with a single load, optimized for AVX FMAs
peakflops_sp_sse - Single-precision multiplications and additions with a single load, optimised for SSE
peakflops_sse - Double-precision multiplications and additions with a single load, optimised for SSE
store - Double-precision store, only scalar operations
store_avx - Double-precision store, optimized for AVX
store_avx512 - Double-precision store, optimized for AVX-512
store_mem - Double-precision store, uses non-temporal stores
store_mem_avx - Double-precision store, uses AVX and non-temporal stores
store_mem_avx512 - Double-precision store, uses AVX-512 and non-temporal stores
store_mem_sse - Double-precision store, uses SSE and non-temporal stores
store_sse - Double-precision store, optimized for SSE
stream - Double-precision stream triad A(i) = B(i)*c + C(i), only scalar operations
stream_avx - Double-precision stream triad A(i) = B(i)*c + C(i), optimized for AVX
stream_avx512 - Double-precision stream triad A(i) = B(i)*c + C(i), optimized for AVX-512
stream_avx512_fma - Double-precision stream triad A(i) = B(i)*c + C(i), optimized for AVX-512 FMAs
stream_avx_fma - Double-precision stream triad A(i) = B(i)*c + C(i), optimized for AVX FMAs
stream_mem - Double-precision stream triad A(i) = B(i)*c + C(i), uses scalar arithmetic and SSE non-temporal stores
stream_mem_avx - Double-precision stream triad A(i) = B(i)*c + C(i), uses AVX and non-temporal stores
stream_mem_avx512 - Double-precision stream triad A(i) = B(i)*c + C(i), uses AVX-512 and non-temporal stores
stream_mem_avx_fma - Double-precision stream triad A(i) = B(i)*c + C(i), optimized for AVX FMAs and non-temporal stores
stream_mem_sse - Double-precision stream triad A(i) = B(i)*c + C(i), uses SSE and non-temporal stores
stream_mem_sse_fma - Double-precision stream triad A(i) = B(i)*c + C(i), uses SSE FMAs and non-temporal stores
stream_sp - Single-precision stream triad A(i) = B(i)*c + C(i), only scalar operations
stream_sp_avx - Single-precision stream triad A(i) = B(i)*c + C(i), optimized for AVX
stream_sp_avx512 - Single-precision stream triad A(i) = B(i)*c + C(i), optimized for AVX-512
stream_sp_avx512_fma - Single-precision stream triad A(i) = B(i)*c + C(i), optimized for AVX-512 FMAs
stream_sp_avx_fma - Single-precision stream triad A(i) = B(i)*c + C(i), optimized for AVX FMAs
stream_sp_mem - Single-precision stream triad A(i) = B(i)*c + C(i), uses scalar arithmetic and SSE non-temporal stores
stream_sp_mem_avx - Single-precision stream triad A(i) = B(i)*c + C(i), optimized for AVX and non-temporal stores
stream_sp_mem_avx512 - Single-precision stream triad A(i) = B(i)*c + C(i), optimized for AVX-512 and non-temporal stores
stream_sp_mem_avx512_fma - Single-precision stream triad A(i) = B(i)*c + C(i), optimized for AVX-512 FMAs and non-temporal stores
stream_sp_mem_avx_fma - Single-precision stream triad A(i) = B(i)*c + C(i), optimized for AVX FMAs and non-temporal stores
stream_sp_mem_sse - Single-precision stream triad A(i) = B(i)*c + C(i), optimized for SSE and non-temporal stores
stream_sp_mem_sse_fma - Single-precision stream triad A(i) = B(i)*c + C(i), optimized for SSE FMAs and non-temporal stores
stream_sp_sse - Single-precision stream triad A(i) = B(i)*c + C(i), optimized for SSE
stream_sp_sse_fma - Single-precision stream triad A(i) = B(i)*c + C(i), optimized for SSE FMAs
stream_sse - Double-precision stream triad A(i) = B(i)*c + C(i), optimized for SSE
stream_sse_fma - Double-precision stream triad A(i) = B(i)*c + C(i), optimized for SSE FMAs
sum - Double-precision sum of a vector, only scalar operations
sum_avx - Double-precision sum of a vector, optimized for AVX
sum_avx512 - Double-precision sum of a vector, optimized for AVX-512
sum_sp - Single-precision sum of a vector, only scalar operations
sum_sp_avx - Single-precision sum of a vector, optimized for AVX
sum_sp_avx512 - Single-precision sum of a vector, optimized for AVX-512
sum_sp_sse - Single-precision sum of a vector, optimized for SSE
sum_sse - Double-precision sum of a vector, optimized for SSE
triad - Double-precision triad A(i) = B(i) * C(i) + D(i), only scalar operations
triad_avx - Double-precision triad A(i) = B(i) * C(i) + D(i), optimized for AVX
triad_avx512 - Double-precision triad A(i) = B(i) * C(i) + D(i), optimized for AVX-512
triad_avx512_fma - Double-precision triad A(i) = B(i) * C(i) + D(i), optimized for AVX-512 FMAs
triad_avx_fma - Double-precision triad A(i) = B(i) * C(i) + D(i), optimized for AVX FMAs
triad_mem_avx - Double-precision triad A(i) = B(i) * C(i) + D(i), uses AVX and non-temporal stores
triad_mem_avx512 - Double-precision triad A(i) = B(i) * C(i) + D(i), uses AVX-512 and non-temporal stores
triad_mem_avx512_fma - Double-precision triad A(i) = B(i) * C(i) + D(i), optimized for AVX-512 FMAs and non-temporal stores
triad_mem_avx_fma - Double-precision triad A(i) = B(i) * C(i) + D(i), optimized for AVX FMAs and non-temporal stores
triad_mem_sse - Double-precision triad A(i) = B(i) * C(i) + D(i), optimized for SSE and non-temporal stores
triad_mem_sse_fma - Double-precision triad A(i) = B(i) * C(i) + D(i), optimized for SSE FMAs and non-temporal stores
triad_sp - Single-precision triad A(i) = B(i) * C(i) + D(i), only scalar operations
triad_sp_avx - Single-precision triad A(i) = B(i) * C(i) + D(i), optimized for AVX
triad_sp_avx512 - Single-precision triad A(i) = B(i) * C(i) + D(i), optimized for AVX-512
triad_sp_avx512_fma - Single-precision triad A(i) = B(i) * C(i) + D(i), optimized for AVX-512 FMAs
triad_sp_avx_fma - Single-precision triad A(i) = B(i) * C(i) + D(i), optimized for AVX FMAs
triad_sp_mem_avx - Single-precision triad A(i) = B(i) * C(i) + D(i), optimized for AVX and non-temporal stores
triad_sp_mem_avx512 - Single-precision triad A(i) = B(i) * C(i) + D(i), optimized for AVX-512 and non-temporal stores
triad_sp_mem_avx512_fma - Single-precision triad A(i) = B(i) * C(i) + D(i), optimized for AVX-512 FMAs and non-temporal stores
triad_sp_mem_avx_fma - Single-precision triad A(i) = B(i) * C(i) + D(i), optimized for AVX FMAs and non-temporal stores
triad_sp_mem_sse - Single-precision triad A(i) = B(i) * C(i) + D(i), optimized for SSE and non-temporal stores
triad_sp_mem_sse_fma - Single-precision triad A(i) = B(i) * C(i) + D(i), optimized for SSE FMAs and non-temporal stores
triad_sp_sse - Single-precision triad A(i) = B(i) * C(i) + D(i), optimized for SSE
triad_sp_sse_fma - Single-precision triad A(i) = B(i) * C(i) + D(i), optimized for SSE FMAs
triad_sse - Double-precision triad A(i) = B(i) * C(i) + D(i), optimized for SSE
triad_sse_fma - Double-precision triad A(i) = B(i) * C(i) + D(i), optimized for SSE FMAs
update - Double-precision vector update, only scalar operations
update_avx - Double-precision vector update, optimized for AVX
update_avx512 - Double-precision vector update, optimized for AVX-512
update_sp - Single-precision vector update, only scalar operations
update_sp_avx - Single-precision vector update, optimized for AVX
update_sp_avx512 - Single-precision vector update, optimized for AVX-512
update_sp_sse - Single-precision vector update, optimized for SSE
update_sse - Double-precision vector update, optimized for SSE

User benchmarks:

