### tag=l2avx cores=1 group=L2 kernel=load_avx run=2/2
### host=mad13 label=run date=2026-08-17T09:38:33+01:00
+ numactl --cpunodebind=0 --membind=0 likwid-perfctr -C 0 -g L2 -m -o logs_l2/l2avx_1c_run2.txt likwid-bench -t load_avx -w M0:4194304B:1

INFO: You are running LIKWID in a cpuset with 48 CPUs. Taking given IDs as logical ID in cpuset
Allocate: Process running on hwthread 0 (Domain M0) - Vector length 524288/4194304 Offset 0 Alignment 512
--------------------------------------------------------------------------------
LIKWID MICRO BENCHMARK
Test: load_avx
--------------------------------------------------------------------------------
Using 1 work groups
Using 1 threads
--------------------------------------------------------------------------------
Using Likwid Marker API
--------------------------------------------------------------------------------
Group: 0 Thread 0 Global Thread 0 running on hwthread 0 - Vector length 524288 Offset 0
--------------------------------------------------------------------------------
Cycles:			3680914008
CPU Clock:		2396375202
Cycle Clock:		2396375202
Time:			1.536034e+00 sec
Iterations:		32768
Iterations per thread:	32768
Inner loop executions:	32768
Size (Byte):		4194304
Size per thread:	4194304
Number of Flops:	0
MFlops/s:		0.00
Data volume (Byte):	137438953472
MByte/s:		89476.50
Cycles per update:	0.214257
Cycles per cacheline:	1.714059
Loads per update:	1
Stores per update:	0
Load bytes per element:	8
Store bytes per elem.:	0
Instructions:		7516192784
UOPs:			6442450944
--------------------------------------------------------------------------------
Writing Likwid Marker API results to file /tmp/likwid_505353.txt
### exit=0
