### tag=sp_avx512_fma cores=8 group=FLOPS_SP kernel=peakflops_sp_avx512_fma run=2/2
### host=mad13 label=run date=2026-08-14T11:58:44+01:00
+ numactl --cpunodebind=0 --membind=0 likwid-perfctr -C 0-7 -g FLOPS_SP -m -o ./logs/mad13_run_20260814-115629/sp_avx512_fma_8c_run2.txt likwid-bench -t peakflops_sp_avx512_fma -w M0:4194304B:8

INFO: You are running LIKWID in a cpuset with 48 CPUs. Taking given IDs as logical ID in cpuset
Allocate: Process running on hwthread 0 (Domain M0) - Vector length 1048576/4194304 Offset 0 Alignment 1024
Initialization: First thread in domain initializes the whole stream
--------------------------------------------------------------------------------
LIKWID MICRO BENCHMARK
Test: peakflops_sp_avx512_fma
--------------------------------------------------------------------------------
Using 1 work groups
Using 8 threads
--------------------------------------------------------------------------------
Using Likwid Marker API
--------------------------------------------------------------------------------
Group: 0 Thread 0 Global Thread 0 running on hwthread 0 - Vector length 131072 Offset 0
Group: 0 Thread 1 Global Thread 1 running on hwthread 1 - Vector length 131072 Offset 131072
Group: 0 Thread 2 Global Thread 2 running on hwthread 2 - Vector length 131072 Offset 262144
Group: 0 Thread 3 Global Thread 3 running on hwthread 3 - Vector length 131072 Offset 393216
Group: 0 Thread 4 Global Thread 4 running on hwthread 4 - Vector length 131072 Offset 524288
Group: 0 Thread 5 Global Thread 5 running on hwthread 5 - Vector length 131072 Offset 655360
Group: 0 Thread 6 Global Thread 6 running on hwthread 6 - Vector length 131072 Offset 786432
Group: 0 Thread 7 Global Thread 7 running on hwthread 7 - Vector length 131072 Offset 917504
--------------------------------------------------------------------------------
Cycles:			2621385336
CPU Clock:		2396215758
Cycle Clock:		2396215758
Time:			1.093969e+00 sec
Iterations:		262144
Iterations per thread:	32768
Inner loop executions:	8192
Size (Byte):		4194304
Size per thread:	524288
Number of Flops:	1030792151040
MFlops/s:		942250.02
Data volume (Byte):	137438953472
MByte/s:		125633.34
Cycles per update:	0.076292
Cycles per cacheline:	1.220678
Loads per update:	1
Stores per update:	0
Load bytes per element:	4
Store bytes per elem.:	0
Instructions:		40802189344
UOPs:			38654705664
--------------------------------------------------------------------------------
Writing Likwid Marker API results to file /tmp/likwid_108910.txt
### exit=0
